0 fffff828 trap_G_COOL_API_GetFileVersion
0 fffff829 trap_G_COOL_API_AttachG2Model
0 fffff82a trap_G_COOL_API_GetSurfaceRenderStatus
0 fffff82b trap_G_COOL_API_SkinlessModel
0 fffff82c trap_G_COOL_API_SetSkin
0 fffff82d trap_G_COOL_API_GiveMeVectorFromMatrix
0 fffff82e trap_G_COOL_API_GetLanguageName
0 fffff82f trap_G_COOL_API_GetNumLanguages
0 fffffb3e trap_G_COOL_API_DB_GetMoreResults
0 fffffb3f trap_G_COOL_API_DB_PreparedBindNull
0 fffffb40 trap_G_COOL_API_DB_GetBinary
0 fffffb41 trap_G_COOL_API_DB_FinishAndSendPreparedStatement
0 fffffb42 trap_G_COOL_API_DB_PreparedBindBinary
0 fffffb43 trap_G_COOL_API_DB_PreparedBindInt
0 fffffb44 trap_G_COOL_API_DB_PreparedBindFloat
0 fffffb45 trap_G_COOL_API_DB_PreparedBindString
0 fffffb46 trap_G_COOL_API_DB_AddPreparedStatement
0 fffffb47 trap_G_COOL_API_DB_AddRequestTyped
0 fffffb48 trap_G_COOL_API_DB_GetString
0 fffffb49 trap_G_COOL_API_DB_GetFloat
0 fffffb4a trap_G_COOL_API_DB_GetInt
0 fffffb4b trap_G_COOL_API_DB_NextRow
0 fffffb4c trap_G_COOL_API_DB_GetReference
0 fffffb4d trap_G_COOL_API_DB_NextResponse
0 fffffb4e trap_G_COOL_API_DB_AddRequest
0 fffffb4f trap_G_COOL_API_DB_EscapeString
0 fffffba8 trap_G_COOL_API_CrossServerCommand
0 fffffba9 trap_G_COOL_API_CustomEpsilonTraceCapsule
0 fffffbaa trap_G_COOL_API_CustomEpsilonTrace
0 fffffbab trap_G_COOL_API_SendBackUCMD_GameGenerated
0 fffffbac trap_G_COOL_API_NonEpsilonTraceCapsule
0 fffffbad trap_G_COOL_API_NonEpsilonTrace
0 fffffbae trap_G_COOL_API_PlayerUserCmdGetCount
0 fffffbaf trap_G_COOL_API_PlayerUserCmdGet
0 fffffbb0 trap_G_COOL_API_PlayerUserCmdClear
0 fffffbb1 trap_G_COOL_API_PlayerUserCmdRemove
0 fffffbb2 trap_G_COOL_API_PlayerUserCmdAdd
0 fffffbb3 trap_G_COOL_API_SetBrushModelContentFlags
0 fffffd36 trap_MVAPI_Print
0 fffffd37 trap_MVAPI_EnableSubmodelBypass
0 fffffd38 trap_MVAPI_EnablePlayerSnapshots
0 fffffd39 trap_MVAPI_ResetServerTime
0 fffffd3a trap_MVAPI_SetVersion
0 fffffd3b trap_FS_FLock
0 fffffd3e trap_MVAPI_DisableStructConversion
0 fffffd3f trap_MVAPI_GetVersion
0 fffffd40 trap_MVAPI_ControlFixes
0 fffffd41 trap_MVAPI_LocateGameData
0 fffffd42 trap_MVAPI_GetConnectionlessPacket
0 fffffd43 trap_MVAPI_SendConnectionlessPacket
0 fffffda6 trap_G2API_CollisionDetect_1_04
0 fffffda7 trap_G2API_CleanGhoul2Models_1_04
0 fffffda8 trap_G2API_RemoveGhoul2Model_1_04
0 fffffda8 trap_G2API_CleanGhoul2Models_1_02
0 fffffda9 trap_G2API_RemoveGhoul2Model_1_02
0 fffffda9 trap_G2API_HasGhoul2ModelOnIndex_1_04
0 fffffdaa trap_G2API_DuplicateGhoul2Instance_1_04
0 fffffdaa trap_G2API_HasGhoul2ModelOnIndex_1_02
0 fffffdab trap_G2API_DuplicateGhoul2Instance_1_02
0 fffffdab trap_G2API_CopySpecificGhoul2Model_1_04
0 fffffdac trap_G2API_CopyGhoul2Instance_1_04
0 fffffdac trap_G2API_CopySpecificGhoul2Model_1_02
0 fffffdad trap_G2API_GetGLAName_1_04
0 fffffdad trap_G2API_CopyGhoul2Instance_1_02
0 fffffdae trap_G2API_GetGLAName_1_02
0 fffffdae trap_G2API_SetBoneAnim_1_04
0 fffffdaf trap_G2API_SetBoneAnim_1_02
0 fffffdaf trap_G2API_SetBoneAngles_1_04
0 fffffdb0 trap_G2API_SetBoltInfo_1_04
0 fffffdb0 trap_G2API_SetBoneAngles_1_02
0 fffffdb1 trap_G2API_AddBolt_1_04
0 fffffdb1 trap_G2API_SetBoltInfo_1_02
0 fffffdb2 trap_G2API_AddBolt_1_02
0 fffffdb2 trap_G2API_InitGhoul2Model_1_04
0 fffffdb3 trap_G2API_InitGhoul2Model_1_02
0 fffffdb3 trap_G2API_GetBoltMatrix_NoRecNoRot_1_04
0 fffffdb4 trap_G2API_GetBoltMatrix_NoReconstruct
0 fffffdb5 trap_G2API_GetBoltMatrix
0 fffffdb6 trap_G2_SetGhoul2ModelIndexes
0 fffffdb7 trap_G2_HaveWeGhoul2Models
0 fffffdb8 trap_G2_ListModelSurfaces
0 fffffdb9 trap_G2_ListModelBones
0 fffffdba trap_PC_SourceFileAndLine
0 fffffdbb trap_PC_ReadToken
0 fffffdbc trap_PC_FreeSource
0 fffffdbd trap_PC_LoadSource
0 fffffdbe trap_AAS_PointReachabilityAreaIndex
0 fffffdbf trap_AAS_PredictRoute
0 fffffdc0 trap_AAS_AlternativeRouteGoals
0 fffffdc1 trap_BotAddAvoidSpot
0 fffffdc2 trap_BotSetAvoidGoalTime
0 fffffdc3 trap_BotPredictVisiblePosition
0 fffffdc4 trap_BotRemoveFromAvoidGoals
0 fffffdc5 trap_BotGetChatMessage
0 fffffdc6 trap_BotNumInitialChats
0 fffffdc7 trap_BotGetMapLocationGoal
0 fffffdc8 trap_BotGetNextCampSpotGoal
0 fffffdc9 trap_BotMutateGoalFuzzyLogic
0 fffffdca trap_BotInterbreedGoalFuzzyLogic
0 fffffdcb trap_GeneticParentsAndChildSelection
0 fffffdcc trap_BotResetWeaponState
0 fffffdcd trap_BotFreeWeaponState
0 fffffdce trap_BotAllocWeaponState
0 fffffdcf trap_BotLoadWeaponWeights
0 fffffdd0 trap_BotGetWeaponInfo
0 fffffdd1 trap_BotChooseBestFightWeapon
0 fffffdd2 trap_BotInitMoveState
0 fffffdd3 trap_BotFreeMoveState
0 fffffdd4 trap_BotAllocMoveState
0 fffffdd5 trap_BotMovementViewTarget
0 fffffdd6 trap_BotReachabilityArea
0 fffffdd7 trap_BotResetLastAvoidReach
0 fffffdd8 trap_BotResetAvoidReach
0 fffffdd9 trap_BotMoveInDirection
0 fffffdda trap_BotMoveToGoal
0 fffffddb trap_BotResetMoveState
0 fffffddc trap_BotFreeGoalState
0 fffffddd trap_BotAllocGoalState
0 fffffdde trap_BotSaveGoalFuzzyLogic
0 fffffddf trap_BotFreeItemWeights
0 fffffde0 trap_BotLoadItemWeights
0 fffffde1 trap_BotUpdateEntityItems
0 fffffde2 trap_BotInitLevelItems
0 fffffde3 trap_BotAvoidGoalTime
0 fffffde4 trap_BotGetLevelItemGoal
0 fffffde5 trap_BotItemGoalInVisButNotVisible
0 fffffde6 trap_BotTouchingGoal
0 fffffde7 trap_BotChooseNBGItem
0 fffffde8 trap_BotChooseLTGItem
0 fffffde9 trap_BotGetSecondGoal
0 fffffdea trap_BotGetTopGoal
0 fffffdeb trap_BotGoalName
0 fffffdec trap_BotDumpGoalStack
0 fffffded trap_BotDumpAvoidGoals
0 fffffdee trap_BotEmptyGoalStack
0 fffffdef trap_BotPopGoal
0 fffffdf0 trap_BotPushGoal
0 fffffdf1 trap_BotResetAvoidGoals
0 fffffdf2 trap_BotResetGoalState
0 fffffdf3 trap_BotSetChatName
0 fffffdf4 trap_BotSetChatGender
0 fffffdf5 trap_BotLoadChatFile
0 fffffdf6 trap_BotReplaceSynonyms
0 fffffdf7 trap_UnifyWhiteSpaces
0 fffffdf8 trap_BotMatchVariable
0 fffffdf9 trap_BotFindMatch
0 fffffdfa trap_StringContains
0 fffffdfb trap_BotEnterChat
0 fffffdfc trap_BotChatLength
0 fffffdfd trap_BotReplyChat
0 fffffdfe trap_BotInitialChat
0 fffffdff trap_BotNumConsoleMessages
0 fffffe00 trap_BotNextConsoleMessage
0 fffffe01 trap_BotRemoveConsoleMessage
0 fffffe02 trap_BotQueueConsoleMessage
0 fffffe03 trap_BotFreeChatState
0 fffffe04 trap_BotAllocChatState
0 fffffe05 trap_Characteristic_String
0 fffffe06 trap_Characteristic_BInteger
0 fffffe07 trap_Characteristic_Integer
0 fffffe08 trap_Characteristic_BFloat
0 fffffe09 trap_Characteristic_Float
0 fffffe0a trap_BotFreeCharacter
0 fffffe0b trap_BotLoadCharacter
0 fffffe56 trap_EA_ResetInput
0 fffffe57 trap_EA_GetInput
0 fffffe58 trap_EA_EndRegular
0 fffffe59 trap_EA_View
0 fffffe5a trap_EA_Move
0 fffffe5b trap_EA_DelayedJump
0 fffffe5c trap_EA_Jump
0 fffffe5d trap_EA_SelectWeapon
0 fffffe5e trap_EA_MoveRight
0 fffffe5f trap_EA_MoveLeft
0 fffffe60 trap_EA_MoveBack
0 fffffe61 trap_EA_MoveForward
0 fffffe62 trap_EA_MoveDown
0 fffffe63 trap_EA_MoveUp
0 fffffe64 trap_EA_Crouch
0 fffffe65 trap_EA_Respawn
0 fffffe66 trap_EA_Use
0 fffffe67 trap_EA_ForcePower
0 fffffe68 trap_EA_Alt_Attack
0 fffffe69 trap_EA_Attack
0 fffffe6a trap_EA_Talk
0 fffffe6b trap_EA_Gesture
0 fffffe6c trap_EA_Action
0 fffffe6d trap_EA_Command
0 fffffe6e trap_EA_SayTeam
0 fffffe6f trap_EA_Say
0 fffffec1 trap_AAS_PredictClientMovement
0 fffffec2 trap_AAS_Swimming
0 fffffec3 trap_AAS_AreaTravelTimeToGoalArea
0 fffffec4 trap_AAS_AreaReachability
0 fffffec5 trap_AAS_IntForBSPEpairKey
0 fffffec6 trap_AAS_FloatForBSPEpairKey
0 fffffec7 trap_AAS_VectorForBSPEpairKey
0 fffffec8 trap_AAS_ValueForBSPEpairKey
0 fffffec9 trap_AAS_NextBSPEntity
0 fffffeca trap_AAS_PointContents
0 fffffecb trap_AAS_TraceAreas
0 fffffecc trap_AAS_PointAreaNum
0 fffffecd trap_AAS_Time
0 fffffece trap_AAS_PresenceTypeBoundingBox
0 fffffecf trap_AAS_Initialized
0 fffffed0 trap_AAS_EntityInfo
0 fffffed1 trap_AAS_AreaInfo
0 fffffed2 trap_AAS_BBoxAreas
0 fffffed3 trap_AAS_EnableRoutingArea
0 ffffff2c trap_BotUserCommand
0 ffffff2d trap_BotGetServerCommand
0 ffffff2e trap_BotGetSnapshotEntity
0 ffffff2f trap_BotLibTest
0 ffffff30 trap_BotLibUpdateEntity
0 ffffff31 trap_BotLibLoadMap
0 ffffff32 trap_BotLibStartFrame
0 ffffff33 trap_BotLibDefine
0 ffffff34 trap_BotLibVarGet
0 ffffff35 trap_BotLibVarSet
0 ffffff36 trap_BotLibShutdown
0 ffffff37 trap_BotLibSetup
0 ffffff8c asin
0 ffffff8d acos
0 ffffff90 ceil
0 ffffff91 floor
0 ffffff92 perpendicularvector
0 ffffff93 anglevectors
0 ffffff94 matrixmultiply
0 ffffff95 sqrt
0 ffffff96 atan2
0 ffffff97 cos
0 ffffff98 sin
0 ffffff99 strncpy
0 ffffff9a memcpy
0 ffffff9b memset
0 ffffffcc trap_ROFF_Purge_Ent
0 ffffffcd trap_ROFF_Play
0 ffffffce trap_ROFF_Cache
0 ffffffcf trap_ROFF_UpdateEntities
0 ffffffd0 trap_ROFF_Clean
0 ffffffd1 trap_SP_GetStringTextString
0 ffffffd2 trap_SP_RegisterServer
0 ffffffd3 trap_EntityContactCapsule
0 ffffffd4 trap_TraceCapsule
0 ffffffd5 trap_SnapVector
0 ffffffd6 trap_RealTime
0 ffffffd7 trap_DebugPolygonDelete
0 ffffffd8 trap_DebugPolygonCreate
0 ffffffd9 trap_FS_GetFileList
0 ffffffda trap_GetEntityToken
0 ffffffdb trap_GetUsercmd
0 ffffffdc trap_BotFreeClient
0 ffffffdd trap_BotAllocateClient
0 ffffffde trap_EntityContact
0 ffffffdf trap_EntitiesInBox
0 ffffffe0 trap_UnlinkEntity
0 ffffffe1 trap_LinkEntity
0 ffffffe2 trap_AreasConnected
0 ffffffe3 trap_AdjustAreaPortalState
0 ffffffe4 trap_InPVSIgnorePortals
0 ffffffe5 trap_InPVS
0 ffffffe6 trap_PointContents
0 ffffffe7 trap_Trace
0 ffffffe8 trap_SetBrushModel
0 ffffffe9 trap_GetServerinfo
0 ffffffea trap_SetUserinfo
0 ffffffeb trap_GetUserinfo
0 ffffffec trap_GetConfigstring
0 ffffffed trap_SetConfigstring
0 ffffffee trap_SendServerCommand
0 ffffffef trap_DropClient
0 fffffff0 trap_LocateGameData
0 fffffff1 trap_SendConsoleCommand
0 fffffff2 trap_FS_FCloseFile
0 fffffff3 trap_FS_Write
0 fffffff4 trap_FS_Read
0 fffffff5 trap_FS_FOpenFile
0 fffffff6 trap_Argv
0 fffffff7 trap_Argc
0 fffffff8 trap_Cvar_VariableStringBuffer
0 fffffff9 trap_Cvar_VariableIntegerValue
0 fffffffa trap_Cvar_Set
0 fffffffb trap_Cvar_Update
0 fffffffc trap_Cvar_Register
0 fffffffd trap_Milliseconds
0 fffffffe trap_Error
0 ffffffff trap_Printf
0        0 vmMain
0       5d JK2_vmMain
0      319 G_BitMaskCvarUpdated
0      37b G_Printf
0      396 G_Error
0      3b1 MVAPI_Init
0      405 MVAPI_AfterInit
0      461 G_FindTeams
0      565 G_RemapTeamShaders
0      568 G_RegisterCvars
0      61b G_CheckCvarChanges
0      637 G_UpdateCvars
0      6c4 MV_UpdateMvsdkConfigstring
0      6e2 MV_UpdateSvFlags
0      724 G_InitGame
0      a4e G_ShutdownGame
0      ada Com_Error
0      af7 Com_Printf
0      b14 AddTournamentPlayer
0      b8d RemoveTournamentLoser
0      bb4 RemoveDuelDrawLoser
0      c56 RemoveTournamentWinner
0      c7d AdjustTournamentScores
0      e48 SortRanks
0      f8b CalculateRanks
0     1390 SendScoreboardMessageToAllClients
0     13b9 MoveClientToIntermission
0     1475 FindIntermissionPoint
0     14e7 BeginIntermission
0     155a DuelLimitHit
0     1591 DuelResetWinsLosses
0     15c2 ExitLevel
0     164f G_LogPrintf
0     16bd LogExit
0     17b4 CheckIntermissionExit
0     1ad5 ScoreIsTied
0     1b1e CheckExitRules
0     1dca CheckTournament
0     1f51 G_CalculateVoteExecuteTime
0     1fb7 CheckVote
0     21a5 PrintTeam
0     21d0 SetLeader
0     2293 CheckTeamLeader
0     232b CheckTeamVote
0     2424 CheckCvars
0     2451 G_AutoGenerateArena
0     2602 sortironmanners
0     2633 G_CheckIronManStatus
0     281d G_RunThink
0     28c3 G_RunFrame
0     31d0 G_GetStripEdString
0     31e1 mysrand
0     31e8 myrand
0     31fd G_StringAppendSubstring
0     3233 MV_BBoxToTime2
0     32a0 MV_ModelindexToTime2
0     32c3 BotStraightTPOrderCheck
0     332d BotSelectWeapon
0     333f BotReportStatus
0     339e BotOrder
0     3539 BotMindTricked
0     35b0 BotAI_Print
0     35b3 IsTeamplay
0     35c0 BotAI_GetClientState
0     35f1 BotAI_GetEntityState
0     3636 BotAI_GetSnapshotEntity
0     3667 BotEntityInfo
0     3673 NumBots
0     3679 AngleDifference
0     36a1 BotChangeViewAngle
0     370d BotChangeViewAngles
0     38ac BotInputToUserCommand
0     3b41 BotUpdateInput
0     3c04 BotAIRegularUpdate
0     3c15 RemoveColorEscapeSequences
0     3cd9 BotAI
0     3e2a BotScheduleBotThink
0     3e68 PlayersInGame
0     3ea9 BotAISetupClient
0     3fdb BotAIShutdownClient
0     402a BotResetState
0     4115 BotAILoadMap
0     414f OrgVisible
0     4175 WPOrgVisible
0     420a OrgVisibleBox
0     423a CheckForFunc
0     428d GetNearestVisibleWP
0     4353 PassWayCheck
0     43ed TotalTrailDistance
0     44c6 CheckForShorterRoutes
0     4618 WPConstantRoutine
0     4745 BotCTFGuardDuty
0     4761 WPTouchRoutine
0     4928 MoveTowardIdealAngles
0     4938 BotTrace_Strafe
0     4ad6 BotTrace_Jump
0     4c0f BotTrace_Duck
0     4cf3 PassStandardEnemyChecks
0     4ee4 BotDamageNotification
0     4fe5 BotCanHear
0     50e3 UpdateEventTracker
0     5146 InFieldOfVision
0     51c8 PassLovedOneCheck
0     5298 ScanForEnemies
0     54aa WaitingForNow
0     5580 BotGetWeaponRange
0     55d0 BotIsAChickenWuss
0     56d2 GetNearestBadThing
0     5981 BotDefendFlag
0     59f6 BotGetEnemyFlag
0     5a6b BotGetFlagBack
0     5b6a BotGuardFlagCarrier
0     5c69 BotGetFlagHome
0     5cde GetNewFlagPoint
0     5df5 CTFTakesPriority
0     60fa EntityVisibleBox
0     6137 Saga_TargetClosestObjective
0     6346 Saga_DefendFromAttackers
0     6448 Saga_CountDefenders
0     64bb Saga_CountTeammates
0     6519 SagaTakesPriority
0     682b JMTakesPriority
0     6912 BotHasAssociated
0     69d1 GetBestIdleGoal
0     6ac7 GetIdealDestination
0     70b2 CommanderBotCTFAI
0     7388 CommanderBotSagaAI
0     74b3 BotDoTeamplayAI
0     74de CommanderBotTeamplayAI
0     7690 CommanderBotAI
0     76b9 MeleeCombatHandling
0     781e SaberCombatHandling
0     7c1a BotWeaponCanLead
0     7c5e BotAimLeading
0     7db5 BotAimOffsetGoalAngles
0     7fb7 ShouldSecondaryFire
0     80c0 CombatBotAI
0     82a9 BotFallbackNavigation
0     834c BotTryAnotherWeapon
0     83cd BotWeaponSelectable
0     8404 BotSelectIdealWeapon
0     85a3 BotSelectChoiceWeapon
0     8632 BotSelectMelee
0     8663 GetLoveLevel
0     86f8 BotLovedOneDied
0     8845 BotDeathNotify
0     88cb StrafeTracing
0     89bf PrimFiring
0     89f0 KeepPrimFromFiring
0     8a25 AltFiring
0     8a56 KeepAltFromFiring
0     8a8b CheckForFriendInLOF
0     8b52 BotScanForLeader
0     8be2 BotReplyGreetings
0     8c51 CTFFlagMovement
0     8e33 BotCheckDetPacks
0     8f77 BotUseInventoryItem
0     9051 BotSurfaceNear
0     90b6 BotWeaponBlockable
0     90eb StandardBotAI
0     b155 BotAIStartFrame
0     b253 BotAISetup
0     b2e8 BotAIShutdown
0     b326 B_TempAlloc
0     b333 B_TempFree
0     b33c B_Alloc
0     b349 B_Free
0     b34c B_InitAlloc
0     b358 B_CleanupAlloc
0     b35b GetValueGroup
0     b453 GetPairedValue
0     b5f9 BotDoChat
0     b8ef ParseEmotionalAttachments
0     ba32 ReadChatGroups
0     bac2 BotUtilizePersonality
0     bf66 GetFlagStr
0     c265 G_TestLine
0     c29f BotWaypointRender
0     c4cd TransferWPData
0     c5f3 CreateNewWP
0     c693 CreateNewWP_FromObject
0     c800 RemoveWP
0     c856 RemoveWP_InTrail
0     c93b CreateNewWP_InTrail
0     ca99 TeleportToWP
0     cb1f WPFlagsModify
0     cb5e NotWithinRange
0     cb93 NodeHere
0     cc25 CanGetToVector
0     cc54 CanGetToVectorTravel
0     cd78 ConnectTrail
0     d389 OpposingEnds
0     d407 DoorBlockingSection
0     d4ea RepairPaths
0     d617 OrgVisibleCurve
0     d677 CanForceJumpTo
0     d762 CalculatePaths
0     d9dc GetObjectThatTargets
0     da0b CalculateSagaGoals
0     db38 GetNearestVisibleWPToItem
0     dc24 CalculateWeightGoals
0     ddf4 CalculateJumpRoutes
0     df21 LoadPathData
0     e2c8 FlagObjects
0     e4f4 SavePathData
0     e83f LoadPath_ThisLevel
0     e8da GetClosestSpawn
0     e978 GetNextSpawnInIndex
0     ea1c AcceptBotCommand
0     ee8f BG_LegalizedForcePowers
0     f2ce vectoyaw
0     f328 BG_HasYsalamiri
0     f357 BG_CanUseFPNow
0     f3f4 BG_FindItemForPowerup
0     f430 BG_FindItemForHoldable
0     f46a BG_FindItemForWeapon
0     f49d BG_FindItem
0     f4c6 BG_PlayerTouchesItem
0     f526 BG_ProperForceIndex
0     f549 BG_CycleForce
0     f609 BG_GetItemIndexByTag
0     f639 BG_CycleInven
0     f6a5 BG_CanItemBeGrabbed
0     f99d BG_EvaluateTrajectory
0     fb6b BG_EvaluateTrajectoryDelta
0     fc65 BG_AddPredictableEventToPlayerstate
0     fca0 BG_UserCmdToUserStats
0     fd27 BG_StatsToUserCmd
0     fdb6 BG_RaceStyleToUserStats
0     fe30 BG_StatsToRaceStyle
0     feaf BG_MsecToEffectiveGravity
0     fef7 BG_JumpPadMsecCompensationFactor
0     ff2f BG_TouchJumpPad
0     ffb7 BG_TouchJumpPadTargetSpeed
0    1022f BG_TouchJumpPadVelocity
0    10460 BG_PlayerStateToEntityState
0    10784 BG_PlayerStateToEntityStateExtraPolate
0    10aa6 BG_Alloc
0    10ae8 BG_AllocUnaligned
0    10b1b BG_TempAlloc
0    10b55 BG_TempAllocTry
0    10b7f BG_TempFree
0    10bae BG_StringAlloc
0    10bd8 BG_OutOfMemory
0    10bea BG_SwingAngles
0    10ceb BG_AddPainTwitch
0    10d2c BG_G2PlayerAngles
0    10ec9 BG_DB_VerifyPassword
0    10fc5 BG_InSpecialJump
0    11027 BG_InSaberStandAnim
0    1104d BG_InReboundJump
0    1106c BG_InReboundHold
0    11096 BG_InReboundRelease
0    110b5 BG_InBackFlip
0    110d0 BG_DirectFlippingAnim
0    110ef BG_SaberInAttack
0    1112a BG_SaberInSpecial
0    11155 BG_SaberInIdle
0    11172 BG_FlippingAnim
0    111bc BG_SpinningSaberAnim
0    112b4 BG_SaberInSpecialAttack
0    112ee BG_BrokenParryForAttack
0    1132c BG_BrokenParryForParry
0    1138b BG_KnockawayForParry
0    113b4 BG_InRoll
0    113da BG_InDeathAnim
0    1140f PM_SaberBounceForAttack
0    11449 PM_SaberDeflectionForQuad
0    11482 PM_SaberInDeflect
0    11497 PM_SaberInParry
0    114ac PM_SaberInKnockaway
0    114c1 PM_SaberInReflect
0    114d6 PM_SaberInStart
0    114eb PM_SaberInReturn
0    11505 PM_InSaberAnim
0    1151c PM_InKnockDown
0    11549 PM_PainAnim
0    11568 PM_JumpingAnim
0    11587 PM_LandingAnim
0    115ce PM_SpinningAnim
0    115db PM_InOnGroundAnim
0    11638 PM_InRollComplete
0    1165e PM_AnimLength
0    11688 PM_DebugLegsAnim
0    116cf BG_AnimationOverrides
0    117a6 BG_ParseAnimationFile
0    11990 PM_StartLegsAnim
0    119ef PM_ContinueLegsAnim
0    11a0f PM_ForceLegsAnim
0    11a93 PM_StartTorsoAnim
0    11ac8 PM_SetLegsAnimTimer
0    11ae6 PM_SetTorsoAnimTimer
0    11b04 BG_SaberStartTransAnim
0    11b53 PM_SetAnimFinal
0    11e01 PM_SetAnim
0    11e80 PM_UpdateAntiLoop
0    11ed6 PM_BGEntForNum
0    11f0e PM_GrabWallForJump
0    11f31 PM_GetSaberStance
0    11f5a PM_DoSlowFall
0    11f7d PM_AddEvent
0    11f8c PM_AddEventWithParm
0    11f9c PM_AddTouchEnt
0    11ff1 PM_ClipVelocityQ2
0    12074 PM_ClipVelocity
0    12110 PM_Friction
0    12290 PM_Accelerate
0    12320 PM_SickoAccelerate
0    123c8 PM_QuaJKAccelerate
0    124b2 PM_DreamAccelerate
0    1271a PM_CmdScale
0    127c0 PM_SetMovementDir
0    1290c PM_ForceJumpingUp
0    129d5 PM_JumpForDir
0    12a78 PM_SetPMViewAngle
0    12ab9 PM_AdjustAngleForWallRun
0    12ccb BG_ForceWallJumpStrength
0    12cd3 PM_AdjustAngleForWallJump
0    13054 PM_SetForceJumpZStart
0    1308e PM_SetGroundEntityNum
0    130bd PM_CheckJump
0    14460 PM_CheckWaterJump
0    14547 PM_ForcePowerAvailable
0    14594 PM_ForcePowerUsable
0    14637 PM_ForceJumpCharge
0    1476c PM_GetVelocityForForceJump
0    14964 PM_ChargeForceJump
0    14ab1 PM_CheckChargeJump
0    14bac PM_WaterJumpMove
0    14bf0 PM_WaterMove
0    14dd0 PM_FlyMove
0    14e9f PM_AirMove
0    150dd PM_WalkMove
0    154a4 PM_DeadMove
0    1551d PM_NoclipMove
0    156a1 PM_FootstepForSurface
0    156ba PM_TryRoll
0    158d0 PM_CrashLand
0    15c07 PM_CorrectAllSolid
0    15cec PM_GroundTraceMissed
0    15e83 PM_GroundTrace
0    16143 PM_SetWaterLevel
0    16210 PM_CheckDuck
0    163e6 PM_Use
0    1642f PM_RunningAnim
0    1645d PM_Footsteps
0    16867 PM_WaterEvents
0    168be PM_BeginWeaponChange
0    16941 PM_FinishWeaponChange
0    16994 PM_DoChargedWeapons
0    16e9a PM_ItemUsable
0    170d4 PM_Weapon
0    17abf PM_Animate
0    17b30 PM_DropTimers
0    17c67 PM_UpdateViewAngles
0    17d0b PM_AdjustAttackStates
0    18096 BG_CmdForRoll
0    180eb BG_AdjustClientSpeed
0    18596 PM_CheckRollEnd
0    18871 PM_SetAnimAfterQ2
0    189d3 PM_SetModData
0    18a46 PmoveSingle
0    19974 Pmove
0    19a7b PMCSS_UpdateAntiLoop
0    19ac3 PMCSS_AddTouchEnt
0    19b18 PMCSS_ClipVelocity
0    19b9b PMCSS_StepSlideMove_
0    19d33 PMCSS_StepSlideMove
0    19e09 PMCSS_Friction
0    19eee PMCSS_Accelerate
0    19f58 PMCSS_AirAccelerate
0    19fcd PMCSS_AddCurrents
0    1a055 PMCSS_WaterMove
0    1a0f6 PMCSS_AirMove
0    1a262 PMCSS_FancyGroundTrace
0    1a36d PMCSS_CatagorizePosition
0    1a57a PMCSS_CheckJump
0    1a61c PMCSS_CheckSpecialMovement
0    1a6d9 PMCSS_FlyMove
0    1a895 smooth0To1
0    1a8af PMCSS_SetViewHeight
0    1a8c8 PMCSS_CheckDuck
0    1a997 PMCSS_DeadMove
0    1a9e3 PMCSS_GoodPosition
0    1aa55 PMCSS_InitialSnapPosition
0    1aadf PMCSS_ClampAngles
0    1ab5d PMCSS_ScaleWishVel
0    1abee PMCSS_DropTimers
0    1ac6f PmoveCSS
0    1ae68 PMQ2_UpdateAntiLoop
0    1aeb0 PMQ2_ClipVelocity
0    1af33 PMQ2_StepSlideMove_
0    1b127 PMQ2_StepSlideMove
0    1b1fd PMQ2_Friction
0    1b2e2 PMQ2_Accelerate
0    1b34c PMQ2_AirAccelerate
0    1b3c1 PMQ2_AddCurrents
0    1b449 PMQ2_WaterMove
0    1b4f6 PMQ2_AirMove
0    1b66d PMQ2_CatagorizePosition
0    1b989 PMQ2_CheckJump
0    1ba51 PMQ2_CheckSpecialMovement
0    1bb66 PMQ2_FlyMove
0    1bd2e PMQ2_CheckDuck
0    1be00 PMQ2_DeadMove
0    1be4c PMQ2_GoodPosition
0    1bec6 PMQ2_SnapPosition
0    1c000 PMQ2_InitialSnapPosition
0    1c090 PMQ2_ClampAngles
0    1c10e PmoveQ2
0    1c4e2 PM_irand_timesync
0    1c51d BG_GetMovePhysics
0    1c539 BG_ForcePowerDrain
0    1c607 BG_EnoughForcePowerForMove
0    1c61e PM_AttackMoveForQuad
0    1c653 PM_SaberAnimTransitionAnim
0    1c7aa PM_SaberMoveQuadrantForMovement
0    1c80f PM_SaberInBounce
0    1c834 PM_SaberInTransition
0    1c849 PM_SaberAttackChainAngle
0    1c879 PM_SaberKataDone_1_02
0    1c8e2 PM_SaberKataDone
0    1ca31 PM_SetAnimFrame
0    1ca3b PM_SaberLockBreak
0    1cd3e PM_SaberLocked
0    1cfba PM_SaberInBrokenParry
0    1cfe3 PM_BrokenParryForParry
0    1d025 PM_CanBackstab
0    1d0a6 PM_SaberFlipOverAttackMove
0    1d1cd PM_SomeoneInFront
0    1d25d PM_SaberLungeAttackMove
0    1d2a7 PM_SaberJumpAttackMove
0    1d30f PM_GroundDistance
0    1d378 PM_SaberAttackForMovement
0    1d77c PM_WeaponLightsaber
0    1e0a6 PM_SetSaberMove
0    1e419 PM_GroundSlideOkay
0    1e45b PM_LimitedClipVelocity
0    1e5e7 PM_LimitedClipVelocity2
0    1e751 PM_Q2StepSlideMove_
0    1ea91 PM_Q2StepSlideMove
0    1ebbd PM_CheckBounceJump
0    1ecdc PM_SlideMove
0    1f1db PM_PredictDeadRamp
0    1f37d PM_StepSlideMove
0    1f78c BG_Cmd_Argc
0    1f792 BG_Cmd_Argv
0    1f7a6 BG_Cmd_Args
0    1f7dd BG_Cmd_ArgsFrom
0    1f81c BG_Cmd_Cmd
0    1f821 BG_Cmd_ArgsBuffer
0    1f834 BG_Cmd_DropArg
0    1f86e BG_Cmd_TokenizeString2
0    1f9f1 BG_Cmd_TokenizeString
0    1f9fc Cmd_TokenizeStringIgnoreQuotes
0    1fa07 G_UserCmdBuffer_NewFrame
0    1fa22 P_SetTwitchInfo
0    1fa67 P_DamageFeedback
0    1fbab P_WorldEffects
0    1fde4 DoImpact
0    20098 G_SetClientSound
0    200c9 ClientImpacts
0    2016c int_cmp
0    2018f G_TouchTriggers
0    2090c G_MoverTouchPushTriggers
0    20abc SpectatorThink
0    20be3 ClientInactivityTimer
0    20c87 ClientInactivitySpecTimerReset
0    20cc3 ClientInactivitySpecTimer
0    20e30 ClientCheckNotifyPhysicsFps
0    21016 ClientTimerActions
0    21078 ClientIntermissionThink
0    210d3 ClientEvents
0    2129f SendPendingPredictableEvents
0    21346 G_UpdateForceSightBroadcasts
0    21424 G_UpdateJediMasterBroadcasts
0    21504 G_UpdateIronmanBroadcasts
0    215aa G_UpdateClientBroadcasts
0    215cb UpdateClientPastFpsStats
0    21748 GetUpdatedViewAngles
0    2179c checkLaserpointerValid
0    21800 ClientLaserPointer
0    219b6 ClientKillLaserPointer
0    219fa HandleClientLaserPointer
0    21a28 G_MaybeSaveIronmanPos
0    21b4d ClientThink_real
0    2323c G_CheckClientTimeouts
0    232e5 G_ResetUserCmdStore
0    23306 G_GetUserCmd
0    235fb ClientThink
0    23773 ForceClientUpdate
0    23828 G_RunClient
0    23ced SpectatorClientEndFrame
0    23df4 ClientEndFrameRaceCritical
0    23e74 ClientEndFrameServerFrame
0    23f67 ClientEndFrame
0    23f89 ClientEndFrameInClientThink
0    23f9c UpdateTournamentInfo
0    2418c trap_Cvar_VariableValue
0    241a2 G_ParseInfos
0    24404 G_LoadArenasFromFile
0    244b8 G_GetMapTypeBits
0    2455a G_DoesMapSupportGametype
0    245ce G_DoesMapHaveArena
0    2461e G_RefreshNextMap
0    24713 G_CheckMapHasArenaInfo
0    24760 arenasort
0    2477a G_IsMapBlacklisted
0    247b5 G_AddMapToBlacklist
0    2482e G_LoadMapBlacklist
0    2487d G_LoadMapBlacklists
0    249d4 G_BlacklistMap
0    24ab7 G_LoadArenas
0    24be4 G_GetArenaInfoByMap
0    24c20 G_AddRandomBot
0    24d86 G_RemoveRandomBot
0    24de1 G_CountHumanPlayers
0    24e31 G_CountBotPlayers
0    24eab G_CheckMinimumPlayers
0    25028 G_CheckBotSpawn
0    25067 AddBotToSpawnQueue
0    250a4 G_RemoveQueuedBotBegin
0    250c8 G_BotConnect
0    2512a G_AddBot
0    25455 Svcmd_AddBot_f
0    254ec Svcmd_BotList_f
0    255a7 G_LoadBotsFromFile
0    2562f G_LoadBots
0    256c0 G_GetBotInfoByNumber
0    256eb G_GetBotInfoByName
0    25727 G_InitBots
0    25741 SP_info_player_deathmatch
0    257e8 SP_info_player_start
0    257ff SP_info_player_imperial
0    25814 SP_info_player_rebel
0    25829 SP_info_player_intermission
0    2582c ThrowSaberToAttacker
0    259f3 JMSaberThink
0    25aee JMSaberTouch
0    25cb3 SP_info_jedimaster_start
0    25d6d SpotWouldTelefrag
0    25e00 WiggleSpotTelefrag
0    25ec4 SelectNearestDeathmatchSpawnPoint
0    25f26 SelectRandomDeathmatchSpawnPoint
0    25f87 SelectDefragSpawnPoint
0    260df SelectRandomFurthestSpawnPoint
0    262ea SelectSpawnPoint
0    26300 SelectInitialSpawnPoint
0    2638a SelectSpectatorSpawnPoint
0    2639a InitBodyQue
0    263cc InitPlayerStats
0    26422 BodySink
0    26454 CopyToBodyQue
0    2665c SetClientViewAngle
0    2670c respawn
0    2677e ClientRespawn
0    267bd TeamCount
0    267fe TeamLeader
0    2683f PickTeam
0    26879 ClientCleanName
0    2695c InitClanTagHashTable
0    269a3 CheckIsClanTag
0    269e1 ApplyNameTag
0    26b8b SetupGameGhoul2Model
0    26d83 AcceptClientPhysicsFps
0    26e2e ValidateClientPhysicsFps
0    26e67 SetClientPhysicsFps
0    26f38 NameDedupe_SanitizeString
0    26f8a G_SetModelColor
0    2703b G_SetSaberName
0    27065 ClientUserinfoChanged
0    275c2 ClientPhysicsFpsChanged
0    27626 MV_SetClientIP
0    276df ClientConnect
0    27a76 ClientBegin
0    27e59 AllForceDisabled
0    27e80 G_CheckForCloserIronmanSpawn
0    280be ClientSpawn
0    28ce4 ClientDisconnectFinish
0    28f2f ClientDisconnect
0    28f68 G_SendServerCommand
0    28fc2 G_CenterPrint
0    2939e DefragDoubleTapSafety
0    2946f DeathmatchScoreboardMessage
0    29618 Cmd_Score_f
0    29621 CheatsOk
0    29675 ConcatArgs
0    296e0 ConcatArgsQuoted
0    29761 SanitizeString
0    297b3 ClientNumberFromString
0    2987f Cmd_Give_f
0    29b2d Cmd_God_f
0    29b74 Cmd_Notarget_f
0    29bbb Cmd_Noclip_f
0    29c63 Cmd_Savepos_f
0    29d6b Cmd_Respos_f
0    29ea6 Cmd_LevelShot_f
0    29ed7 Cmd_TeamTask_f
0    29f2e Cmd_Kill_f
0    29fc1 G_GetDuelWinner
0    2a006 BroadcastTeamChange
0    2a118 G_ResetClientVote
0    2a17c SetTeam
0    2a47a StopFollowing
0    2a53e SlowVotingActive
0    2a544 Cmd_Help_f
0    2a782 Cmd_Team_f
0    2a8a8 Cmd_Launch_f
0    2aa90 Cmd_ForceChanged_f
0    2ab1e Cmd_Ignore_f
0    2ab94 Cmd_Lasers_f
0    2abcd Cmd_Solo_f
0    2ac06 Cmd_Register_f
0    2acf9 Cmd_ChangePassword_f
0    2ae0e Cmd_Login_f
0    2af37 Cmd_NameTag_f
0    2afca Cmd_ForceLogin_f
0    2b0fc Cmd_Logout_f
0    2b165 Cmd_Amtele_f
0    2b291 atoi_real
0    2b2c9 DF_PrintSubCoursesToPlayer
0    2b30f DF_PrintUnspecifiedCourseErrorToPlayer
0    2b33a Cmd_Time_f
0    2b364 Cmd_Top_f
0    2b5f9 Cmd_UpdateRanks_f
0    2b6a5 Cmd_MapRatings_f
0    2b6c5 Cmd_Maplist_f
0    2b835 Cmd_Latest_f
0    2ba60 Cmd_RateMap_f
0    2bc00 Cmd_MapSearch_f
0    2bf4f Cmd_Rank_f
0    2c059 Cmd_Rollympics_f
0    2c096 Cmd_Follow_f
0    2c166 Cmd_FollowCycle_f
0    2c24c G_SayTo
0    2c387 G_Say
0    2c6ba Cmd_Say_f
0    2c6fd Cmd_Tell_f
0    2c7b0 G_VoiceTo
0    2c826 G_Voice
0    2c88a Cmd_GameCommand_f
0    2c8ff Cmd_Where_f
0    2c923 G_ClientNumberFromName
0    2c965 SanitizeString2
0    2c9db G_ClientNumberFromStrippedName
0    2ca1d Cmd_GenArena_f
0    2cab4 Cmd_Arenaless_f
0    2cc72 Cmd_BlacklistMap_f
0    2ccdf compareAfkCliientEntry
0    2ccea Cmd_Afk_f
0    2cdce Cmd_Players_f
0    2cf4d G_SlowVoteProhibits
0    2cfba Cmd_CallVote_f
0    2d967 Cmd_Vote_f
0    2da93 Cmd_CallTeamVote_f
0    2de25 Cmd_TeamVote_f
0    2df5c Cmd_SetViewpos_f
0    2dffc Cmd_Stats_f
0    2dfff Cmd_Stay_f
0    2e04a G_ItemUsable
0    2e288 Cmd_ToggleSaber_f
0    2e373 Cmd_SaberAttackCycle_f
0    2e3e3 G_OtherPlayersDueling
0    2e42a Cmd_EngageDuel_f
0    2e79c StandardSetBodyAnim
0    2e7d8 ClientCommand
0    2f6be G_CrossServerChatAll
0    2f7a2 G_CrossServerPrint
0    2f7cb G_CrossServerCommand
0    2f818 G_SendCrossServerCommand
0    2f829 ObjectDie
0    2f842 G_GetHitLocation
0    2fa61 ExplodeDeath
0    2faf3 ScorePlum
0    2fb28 AddScore
0    2fb76 TossClientWeapon
0    2fd1f TossClientItems
0    2fe6e LookAtKiller
0    2ff30 GibEntity
0    2ff50 BodyRid
0    2ff5f body_die
0    30043 CheckAlmostCapture
0    30046 G_InKnockDown
0    3006c G_CheckSpecialDeathAnim
0    306ec G_PickDeathAnim
0    30a92 G_GetJediMaster
0    30ada player_die
0    3160c CheckArmor
0    316a2 G_ApplyKnockback
0    3183f RaySphereIntersections
0    319e9 LimbTouch
0    319ec LimbThink
0    31a62 G_GetDismemberLoc
0    31ce6 G_GetDismemberBolt
0    31f21 G_Dismember
0    32226 DismembermentTest
0    32248 DismembermentByNum
0    3229f G_GetHitQuad
0    32388 G_CheckForDismemberment
0    3246f G_ThereIsAMaster
0    324aa G_Kill
0    324e7 G_Damage
0    3322a CanDamage
0    33355 G_RadiusDamage
0    334d2 DF_InvalidateSpawn
0    334e7 G_SendOrPrint
0    3350e G_BufferedSendOrPrint
0    3361e G_BufferedSendOrPrintFlush
0    33686 G_BufferedSendOrPrintFlushIfNeeded
0    336da G_SetupTempDemoSubfolderName
0    337cc DF_GetNewRunId
0    337fc DF_GetNewDemoId
0    3382c DF_SaveErrorDemo
0    3391b DF_PrePmoveValid
0    33966 DF_InTrigger
0    339e8 DF_InAnyTrigger
0    33a9e DF_InterpolateTouchTimeToOldPosOld
0    33c47 DF_InterpolateTouchTimeToOldPos
0    33da8 DF_InterpolateTouchTimeToOldPosThisTriggerOld
0    33f2a DF_InterpolateTouchTimeToOldPosThisTrigger
0    34021 DF_InterpolateTouchTimeForStartTimerOld
0    34215 DF_InterpolateTouchTimeForStartTimer
0    34364 DF_HandleUnfinishedDemos
0    343ec DF_StartTimer_Leave
0    34a2d ValidRaceSettings
0    34ac4 PlayActualGlobalSound
0    34af5 DF_RemoveCheckPoints
0    34b4f DF_ClearCheckPointTimes
0    34b92 df_checkCheckpointValid
0    34c1e df_createCheckpoint
0    34de5 DF_CloneCustomCheckpoint
0    34f5e GetClientNumArg
0    34f9b DF_StealStyle
0    3507f DF_StealSpawn
0    3515c DF_StealPos
0    35234 DF_StealCheckpoints
0    352e9 DF_CreateCustomCheckpointFromPos
0    353d4 DF_CreateCustomCheckpoint
0    354b6 DF_FormatFpsString
0    35592 DF_TopRequest
0    3569f DF_UpdateRanks
0    357b1 DF_UpdateRanksMainRequest
0    35846 DF_TimeRequest
0    35940 DF_GetSegmentedRunnerCount
0    35992 DF_GetCourseName
0    359d8 DF_GetMainSubcourseName
0    35a1a DF_RequestPlayerDefaultTime
0    35a37 PrintRaceTime
0    36126 compareFpsEntry
0    3613a DF_MakeUsedFpsString
0    36211 DF_FillClientRunInfo
0    3647f DF_RacePrintAppendage
0    36578 DF_FinishTimer_Touch
0    36b0e DF_CheckpointTimer_Touch
0    37071 DF_target_husk
0    37074 DF_RegisterSubCourse
0    370dd DF_trigger_start_converted
0    37106 DF_trigger_finish_converted
0    37144 DF_trigger_push_velocity_converted
0    3718c DF_trigger_checkpoint_converted
0    371c1 DF_trigger_start
0    37211 DF_trigger_finish
0    37268 DF_trigger_checkpoint
0    372b6 G_Q3DefragTriggerConvert
0    37b3f G_ConvertDefragTriggerTypes
0    3807a ResetPhysicsFpsStuff
0    380ab ClientSetModeReal
0    381bc GetDefaultPlayerMode
0    381fb SetClientMode
0    38323 ClientModeValid
0    38372 ClientSetDefaultMode
0    3838e ResetClientModeIfInvalid
0    383fe Cmd_Race_f
0    38412 Cmd_Mode_f
0    38478 Cmd_ModeCmd_f
0    384de ResetSpecificPlayerTimers
0    385e0 DF_ResetSegmentedRun
0    385ff DF_SegmentedRunStatusInvalidated
0    38646 DF_RaceStateInvalidated
0    38671 MovementStyleAllowsJumpChange
0    38676 Cmd_JumpChange_f
0    387de ShouldNotCollide
0    38b48 JP_TraceReal
0    38c52 JP_Trace
0    38c7b JP_TracePrecise
0    38ca3 JP_TraceCustomEpsilon
0    38cc9 JP_TraceCustomEpsilonQ2
0    38cf1 JP_TraceCustomEpsilonQ2Lite
0    38d19 CG_AdjustPositionForClientTimeMover
0    38e2b PlayerSnapshotHackValues
0    39262 PlayerSnapshotRestoreValues
0    392eb DF_SetMapDefaults
0    3936a DF_LoadMapDefaults
0    393b4 Cmd_DF_MapDefaults_f
0    3981d Cmd_DF_RestartSegmentedRun_f
0    39866 Cmd_DF_RunSettings_f
0    39b02 UpdateClientRaceVars
0    39ca7 Cmd_ToggleFPS_f
0    39d2e Cmd_FloatPhysics_f
0    39dbe DF_ClientInSegmentedRunMode
0    39de6 DF_PreDeltaAngleChange
0    39e05 DF_PostDeltaAngleChange
0    39ed6 SavePosition
0    3a1d0 RestorePosition
0    3adcb DF_StartSegmentedReplay
0    3ae44 DF_GetPositionHash
0    3aec6 DF_HandleSegmentedRunPre
0    3b400 DF_GetRunFlags
0    3b42b DF_CarryClientOverToNewRaceStyle
0    3b5b1 Cmd_MovementStyle_f
0    3b795 DF_SaveSpawn
0    3b934 DF_SelectSpawn
0    3bae5 DF_ResetSpawn
0    3bb4c lowerString
0    3bb73 JP_ClientNumberFromString
0    3bdb4 DF_SetSubContestDefaults
0    3bdee DF_RequestSubContestLeaderboard
0    3be65 DF_SetPlayerSubContestValue
0    3bfd1 DF_CheckRollSpeed
0    3c0f2 DF_KeepClientZombie
0    3c18e Q3R_Touch_StartFinish
0    3c198 Q3R_Think_StartFinish
0    3c19b Q3R_SP_rally_startfinish
0    3c1b4 Q3R_Touch_Checkpoint
0    3c1be Q3R_Think_Checkpoint
0    3c1c1 Q3R_SP_rally_checkpoint
0    3c1db SP_HoldableMedkit
0    3c1f7 DF_InvalidateRunsByStyle
0    3c241 DF_CheckRaceCvarChanges
0    3c270 DB_VerifyClient
0    3c2c3 G_DB_VerifyUsername
0    3c462 G_DB_GetChatsResponse
0    3c4b0 G_RegisterContinue
0    3c55e G_ChangePasswordContinue
0    3c5dc G_RegisterResult
0    3c64f G_ChangePasswordResult
0    3c6b4 G_LoginFetchDataResult
0    3c7a7 G_GenerateRunDemoName
0    3c842 G_InsertRunResult
0    3c999 G_InsertSubcontestResult
0    3caae G_InsertMapDefaultsResult
0    3cb1a G_LoadMapDefaultsResult
0    3cbec G_SaveCheckpointsResult
0    3cc8d G_LoadCheckpointsResult
0    3cd52 G_TopMapSearchResult
0    3cf4f G_ArenaGenMapListResult
0    3cfce G_TopResult
0    3e04f G_RankUpdateResult
0    3e127 G_RankUpdateMapLatestSetResult
0    3e188 G_LatestRunsResult
0    3e4ec G_RankUpdateMapRequestResult
0    3e6b3 G_ShortestLongestResult
0    3ee06 G_RankResult
0    3ef61 G_RateMapResult
0    3f00d G_RateMapShowMineResult
0    3f0cd G_MapListUnplayedResult
0    3f20c G_SubContestLBResult
0    3f380 G_TimeResult
0    3f547 G_LoginContinue
0    3f619 G_ForceLoginContinue
0    3f774 G_CreateTableResult
0    3f798 G_UpdateColumnsResult
0    3f7bc G_PWBCryptReturned
0    3f851 G_DB_CheckResponses
0    3f9f1 G_DB_SaveUserCheckpoints
0    3fb3f G_DB_LoadUserCheckpoints
0    3fbd1 G_CreateUserTable
0    3fbf5 G_CreateCheckpointsTable
0    3fc10 G_CreateSubContestsTable
0    3fc2b G_CreateMapRaceDefaultsTable
0    3fc46 G_CreateMapRatingsTable
0    3fc61 G_CreateMetaTable
0    3fc7c G_CreateRunsTable
0    3fca6 G_DB_CreateTables
0    3fcbe G_DB_Init
0    3fcd2 G_InsertRun
0    40147 G_COOL_API_DB_EscapeString
0    4015f G_COOL_API_DB_AddRequest
0    4017d G_COOL_API_DB_AddRequestTyped
0    4019e G_COOL_API_DB_NextResponse
0    401c5 G_COOL_API_DB_GetReference
0    401dd G_COOL_API_DB_NextRow
0    401ef G_COOL_API_DB_GetInt
0    40204 G_COOL_API_DB_GetFloat
0    4021a G_COOL_API_DB_GetString
0    40235 G_COOL_API_DB_AddPreparedStatement
0    40253 G_COOL_API_DB_PreparedBindString
0    40268 G_COOL_API_DB_PreparedBindFloat
0    4027d G_COOL_API_DB_PreparedBindInt
0    40292 G_COOL_API_DB_PreparedBindBinary
0    402aa G_COOL_API_DB_FinishAndSendPreparedStatement
0    402bc G_COOL_API_DB_GetBinary
0    402d7 G_COOL_API_DB_PreparedBindNull
0    402e9 G_COOL_API_DB_GetMoreResults
0    402fe getDefaultMapRaceStyle
0    4031e getLeaderboardSQLConditions
0    406fe classifyLeaderBoard
0    40780 RaceStyleIsMainLeaderboard
0    407e4 RunFlagsToString
0    4088b RaceNameToInteger
0    4099c LeaderboardNameToInteger
0    40a2d PlayerModeNameToInteger
0    40aa9 MovementStyleAllowsWeapons
0    40aae MovementStyleDisabledRunFlags
0    40af1 MovementStyleHasQuake2Ramps
0    40b0e MovementStyleHasVQ3OnlyJumppads
0    40b2b MovementStyleHasCPMOnlyJumppads
0    40b48 MovementIsQuake3Based
0    40b61 MovementOverbounceFactor
0    40b91 DF_MsToString
0    40bf5 DF_DemoRaceStyleNamePart
0    40c84 multiva
0    40cb3 miniva
0    40ce2 InitFpsTable
0    40d4f DF_AntiLoop_NewAngle
0    40dc3 adjustRespawnTime
0    40e24 ShieldRemove
0    40e47 ShieldThink
0    40e74 ShieldDie
0    40e88 ShieldPain
0    40eab ShieldGoSolid
0    40f4c ShieldGoNotSolid
0    40f8f ShieldTouch
0    40fde CreateShield
0    4122d PlaceShield
0    413fa ItemUse_Binoculars
0    414a5 ItemUse_Shield
0    414ae SentryTouch
0    414b1 pas_fire
0    4152d G_SetEnemy
0    41540 pas_find_enemies
0    416dd pas_adjust_enemy
0    417ac sentryExpire
0    417c3 pas_think
0    41b98 turret_die
0    41c40 SP_PAS
0    41ccb ItemUse_Sentry
0    41e94 ItemUse_Seeker
0    41efc ItemUse_MedPack
0    41f9a Pickup_Powerup
0    42122 Pickup_Holdable
0    42193 Add_Ammo
0    421e9 Pickup_Ammo
0    42234 Pickup_Weapon
0    42332 Pickup_Health
0    423d2 Pickup_Armor
0    4243e RespawnItem
0    4251f Touch_Item
0    429f0 LaunchItem
0    42b94 Drop_Item
0    42c19 Use_Item
0    42c22 FinishSpawningItem
0    42e83 G_CheckTeamItems
0    42ed9 ClearRegisteredItems
0    42f09 RegisterItem
0    42f21 SaveRegisteredItems
0    42f69 G_ItemDisabled
0    42f82 G_SpawnItem
0    43026 G_BounceItem
0    4321b G_RunItem
0    432ef G_LogWeaponInit
0    4334c G_LogWeaponPickup
0    4336c G_LogWeaponFire
0    433d2 G_LogWeaponDamage
0    433f9 G_LogWeaponKill
0    4341f G_LogWeaponFrag
0    4344e G_LogWeaponDeath
0    43474 G_LogWeaponPowerup
0    4349a G_LogWeaponItem
0    434c0 G_LogWeaponOutput
0    44358 CalculateEfficiency
0    443e6 CalculateSharpshooter
0    44470 CalculateUntouchable
0    444bb CalculateLogistics
0    44594 CalculateTactician
0    4470a CalculateDemolitionist
0    447e9 CalculateStreak
0    447ee CalculateTeamMVP
0    44864 CalculateTeamMVPByRank
0    448f2 CalculateTeamDefender
0    44968 CalculateTeamWarrior
0    449de CalculateTeamCarrier
0    44a54 CalculateTeamInterceptor
0    44ad7 CalculateTeamRedShirt
0    44b5a CalculateTeamAward
0    44bd5 CalculateSection31Award
0    44c31 CalculateAwards
0    44de4 GetMaxDeathsForClient
0    44e2a GetMaxKillsForClient
0    44e70 GetFavoriteTargetForClient
0    44ebd GetWorstEnemyForClient
0    44f20 GetFavoriteWeaponForClient
0    44fa8 G_ClearClientLog
0    450c2 G_Alloc
0    45109 G_InitMemory
0    4510f Svcmd_GameMem_f
0    4511c SP_info_camp
0    4512e SP_info_null
0    45137 SP_info_notnull
0    45149 SP_light
0    45152 TeleportPlayer
0    452c4 SP_misc_teleporter_dest
0    452c7 SP_misc_model
0    452d0 SP_misc_G2model
0    452d9 locateCamera
0    453da SP_misc_portal_surface
0    4544c SP_misc_portal_camera
0    454a2 HolocronRespawn
0    454b5 HolocronPopOut
0    45551 HolocronTouch
0    4572a HolocronThink
0    45a11 SP_misc_holocron
0    45bbb Use_Shooter
0    45cb5 InitShooter_Finish
0    45cdd InitShooter
0    45d4b SP_shooter_blaster
0    45d56 check_recharge
0    45d95 EnergyShieldStationSettings
0    45dca shield_power_converter_use
0    45ece SP_misc_shield_floor_unit
0    4603a SP_misc_model_shield_power_converter
0    46100 EnergyAmmoStationSettings
0    4611c ammo_power_converter_use
0    4621b SP_misc_model_ammo_power_converter
0    462d4 EnergyHealthStationSettings
0    462f0 health_power_converter_use
0    46399 SP_misc_model_health_power_converter
0    46452 DmgBoxHit
0    46455 DmgBoxUpdateSelf
0    464ec DmgBoxAbsorb_Die
0    464f5 DmgBoxAbsorb_Pain
0    464fe CreateNewDamageBox
0    4657d ATST_ManageDamageBoxes
0    4674d G_PlayerBecomeATST
0    467c4 fx_runner_think
0    46812 fx_runner_use
0    4685b fx_runner_link
0    4694e SP_fx_runner
0    46a5d ExampleAnimEntCustomData
0    46a90 ExampleAnimEntCustomDataExists
0    46ae8 ExampleAnimEntCustomDataEntry
0    46c27 AnimEntCustomSoundPrecache
0    46d08 ExampleAnimEntCustomSound
0    46e80 ExampleAnimEntAlignment
0    46ec2 ExampleAnimEntAlertOthers
0    46f5d ExampleAnimEnt_Die
0    4717b ExampleAnimEnt_Pain
0    4730f ExampleAnimEntTouch
0    47312 ExampleAnimEntMove
0    4751c ExampleAnimEntYaw
0    4757a ExampleAnimEntLook
0    475e4 ExampleAnimEntClearLOS
0    476a2 ExampleAnimEntWeaponHandling
0    4775e ExampleAnimEntWayValidCheck
0    477d4 ExampleAnimEntNavigation
0    47922 ExampleAnimEntEnemyHandling
0    47d4a ExampleAnimEntUpdateSelf
0    483f7 G_SpawnExampleAnimEnt
0    4875b AESpawner_CountAnimEnts
0    487c2 AESpawner_NoClientInPVS
0    48803 AESpawner_PassAnimEntPVSCheck
0    4885b AESpawner_Think
0    4892f SP_misc_animent_spawner
0    48b93 Use_Target_Screenshake
0    48bc0 SP_target_screenshake
0    48bf9 Use_Target_Escapetrig
0    48cab SP_target_escapetrig
0    48cd8 G_CreateExampleAnimEnt
0    48dc7 G_ReflectMissile
0    49038 G_DeflectMissile
0    49154 G_BounceMissile
0    49349 G_ExplodeMissile
0    49417 G_RunStuckMissile
0    49498 G_BounceProjectile
0    49557 CreateMissile
0    49657 G_MissileImpact
0    49c86 G_RunMissile
0    49eb6 G_ClearEntityActivator
0    49f4a G_ClearActivatedEntities
0    49f77 G_ResetActivatorTimeDelta
0    49faa G_SetActivator
0    4a007 G_TestEntityPosition
0    4a08e G_CreateRotationMatrix
0    4a0b0 G_TransposeMatrix
0    4a0f1 G_RotatePoint
0    4a15d G_TryPushingEntity
0    4a463 G_MoverPush
0    4a7e8 G_MoverTeam
0    4a9cf G_RunMover
0    4aa00 SetMoverState
0    4ab9b MatchTeam
0    4abbb ReturnToPos1
0    4ac00 Reached_BinaryMover
0    4ad39 Use_BinaryMover
0    4aef1 InitMover
0    4b092 Blocked_Door
0    4b1e5 Touch_DoorTriggerSpectator
0    4b2e4 Touch_DoorTrigger
0    4b336 Think_SpawnNewDoorTrigger
0    4b4b1 Think_MatchTeam
0    4b523 SP_func_door
0    4b7a3 Touch_Plat
0    4b883 Touch_PlatCenterTrigger
0    4b926 SpawnPlatTrigger
0    4ba16 SP_func_plat
0    4bb89 Touch_Button
0    4bbac SP_func_button
0    4bd30 Think_BeginMoving
0    4bd9c Reached_Train
0    4bedd Think_SetupTrainTargets
0    4bf94 SP_path_corner
0    4bfb5 SP_func_train
0    4c0a6 SP_func_static
0    4c0d9 SP_func_rotating
0    4c17f SP_func_bobbing
0    4c231 SP_func_pendulum
0    4c2ea BreakableBrushDie
0    4c3ea BreakableBrushPain
0    4c3ed BrushThink
0    4c410 BreakableBrushUse
0    4c498 SP_func_breakable
0    4c679 GlassDie
0    4c71f GlassDie_Old
0    4c790 GlassPain
0    4c793 GlassUse
0    4c888 SP_func_glass
0    4c915 func_wait_return_solid
0    4ca01 func_usable_think
0    4ca27 func_usable_use
0    4cb50 func_usable_pain
0    4cb6b func_usable_die
0    4cb88 SP_func_usable
0    4cc31 pitch_roll_for_slope
0    4cdb2 G_BounceObject
0    4cef1 G_RunObject
0    4d21e G_StopObjectMoving
0    4d25d G_StartObjectMoving
0    4d2bc InitSagaMode
0    4d395 UseSagaTarget
0    4d419 SagaBroadcast_OBJECTIVECOMPLETE
0    4d45a SagaBroadcast_ROUNDOVER
0    4d494 BroadcastObjectiveCompletion
0    4d4db AddSagaWinningTeamPoints
0    4d538 SagaRoundComplete
0    4d592 SagaObjectiveCompleted
0    4d5f4 StripTabs
0    4d634 sagaTriggerUse
0    4d73a SP_info_saga_objective
0    4d78d G_WriteClientSessionData
0    4d8ac G_ReadSessionData
0    4d9e7 MV_ReadSessionData
0    4da2d G_InitSessionData
0    4db3e G_InitWorldSession
0    4db61 G_WriteSessionData
0    4db9c G_SpawnString
0    4dbe0 G_SpawnFloat
0    4dc02 G_SpawnInt
0    4dc24 G_SpawnVector
0    4dc53 SP_item_botroam
0    4dc56 spawncmp
0    4dc67 G_IsLogicalEntity
0    4dcb6 G_CallSpawn
0    4dd35 G_NewString
0    4ddb9 G_ParseField
0    4dea1 G_SpawnGEntityFromSpawnVars
0    4e030 G_AddSpawnVarToken
0    4e071 G_ParseSpawnVars
0    4e101 SP_worldspawn
0    4e334 G_SpawnEntitiesFromString
0    4e367 StringToFilter
0    4e410 UpdateIPBans
0    4e471 G_FilterPacket
0    4e51c AddIP
0    4e572 G_ProcessIPBans
0    4e5c8 SvCmd_TestTrace_f
0    4e6f9 Svcmd_AddIP_f
0    4e719 Svcmd_RemoveIP_f
0    4e781 Svcmd_EntityInfo_f
0    4e805 Svcmd_EntityList_f
0    4e8e5 ClientForString
0    4e97c Svcmd_ForceTeam_f
0    4e9b2 Svcmd_NumBehavior_f
0    4ec11 Svcmd_ResetScores_f
0    4ecbb ConsoleCommand
0    4ede4 Use_Target_Give
0    4ee3e SP_target_give
0    4ee47 Use_target_remove_powerups
0    4ee93 SP_target_remove_powerups
0    4ee9c Think_Target_Delay
0    4eeaf Use_Target_Delay
0    4ef2c SP_target_delay
0    4ef5f Use_Target_Score
0    4eff5 SP_target_score
0    4f00b DF_target_fragsFilter_use
0    4f104 DF_target_fragsFilter
0    4f125 DF_target_speed_husk
0    4f13f Use_Target_Print
0    4f1d3 SP_target_print
0    4f1dc Use_Target_Speaker
0    4f25b SP_target_speaker
0    4f33d target_laser_think
0    4f499 target_laser_on
0    4f4b6 target_laser_off
0    4f4c5 target_laser_use
0    4f4e6 target_laser_start
0    4f577 SP_target_laser
0    4f594 target_teleporter_use
0    4f5f5 SP_target_teleporter
0    4f61c target_relay_use
0    4f6c4 SP_target_relay
0    4f6d8 target_kill_markcallers
0    4f73f target_kill_use
0    4f760 SP_target_kill
0    4f77f SP_target_position
0    4f791 target_location_linkup
0    4f801 SP_target_location
0    4f822 Team_InitGame
0    4f849 OtherTeam
0    4f85f TeamName
0    4f87c OtherTeamName
0    4f899 TeamColorString
0    4f8b6 PrintCTFMessage
0    4f911 AddTeamScore
0    4f99c OnSameTeam
0    4fa28 Team_SetFlagStatus
0    4fa8c Team_CheckDroppedItem
0    4fac6 Team_ForceGesture
0    4fb0b Team_FragBonuses
0    500e3 Team_CheckHurtCarrier
0    501e5 Team_ResetFlag
0    5024d Team_ResetFlags
0    50262 Team_ReturnFlagSound
0    5029f Team_TakeFlagSound
0    5030e Team_CaptureFlagSound
0    5034b Team_ReturnFlag
0    5036e Team_FreeEntity
0    503a2 Team_DroppedFlagThink
0    503e3 Team_TouchOurFlag
0    50717 Team_TouchEnemyFlag
0    50767 Pickup_Team
0    507e5 Team_GetLocation
0    5085f Team_GetLocationMsg
0    508c6 SelectRandomTeamSpawnPoint
0    50979 SelectCTFSpawnPoint
0    509f6 SelectSagaSpawnPoint
0    50a73 SortClients
0    50a7e TeamplayInfoMessage
0    50be1 CheckTeamStatus
0    50c92 SP_team_CTF_redplayer
0    50c95 SP_team_CTF_blueplayer
0    50c98 SP_team_CTF_redspawn
0    50c9b SP_team_CTF_bluespawn
0    50c9e InitTrigger
0    50cfd multi_wait
0    50d06 multi_trigger
0    50fbe Use_Multi
0    50fca Touch_Multi
0    50fdf SP_trigger_multiple
0    51062 trigger_always_think
0    51078 SP_trigger_always
0    5108a trigger_push_touch
0    51150 trigger_push_velocity_touch_wait
0    51159 trigger_push_velocity_touch
0    51366 AimAtTarget
0    5147c SP_trigger_push
0    514d5 SP_trigger_push_velocity
0    51567 Use_target_push
0    51625 SP_target_push
0    516dc trigger_teleporter_setupdefaulttarget
0    51727 trigger_teleporter_touch
0    517ae SP_trigger_teleport
0    51818 hurt_use
0    5185e hurt_touch
0    51a6d SP_trigger_hurt
0    51ae3 func_timer_think
0    51b3c func_timer_use
0    51b5d SP_func_timer
0    51be4 AddRemap
0    51c59 BuildShaderStateConfig
0    51c9f G_FindConfigstringIndex
0    51d0b G_SkinIndex
0    51d1e G_ModelIndex
0    51d31 G_SoundIndex
0    51d44 G_EffectIndex
0    51d57 G_TeamCommand
0    51d97 G_GetClassNameHash
0    51da6 G_FindByClassName
0    51de9 G_FindByClassNameFast
0    51e34 G_Find
0    51ecf G_RadiusList
0    51fef G_PickTarget
0    52067 G_UseTargets
0    52106 tv
0    52134 vtos
0    52170 G_SetMovedir
0    521c5 G_InitGentity
0    52202 generateHashValue
0    52266 G_UnlistFromHashTable
0    52308 G_SetClassName
0    523bd G_SpawnReal
0    5254f G_Spawn
0    5255b G_SpawnAfter
0    52568 G_SpawnLogical
0    525eb G_EntitiesFree
0    52616 G_SendG2KillQueue
0    5265a G_KillG2Queue
0    52688 G_FreeEntity
0    52767 G_TempEntity
0    527b7 GetTrackerEnt
0    527ed G_SoundTempEntity
0    52843 G_KillBox
0    52933 G_AddPredictableEvent
0    5294e G_AddEvent
0    52a33 G_PlayEffect
0    52a5b G_ScreenShake
0    52aab G_MuteSound
0    52aef G_Sound
0    52bc2 G_SoundAtLoc
0    52bd9 G_EntitySound
0    52c01 ValidUseTarget
0    52c1e TryUse
0    52cd2 G_PointInBounds
0    52d12 G_BoxInBounds
0    52dc5 G_SetAngles
0    52ddd G_ClearTrace
0    52e0e G_SetOrigin
0    52e4d DebugLine
0    52f50 G_ROFF_NotetrackCallback
0    53003 touch_NULL
0    53006 W_TraceSetStart
0    530c8 WP_FireBryarPistol
0    531da WP_FireTurretMissile
0    53233 WP_FireGenericBlasterMissile
0    5327e WP_FireBlasterMissile
0    532d8 WP_FireEmplacedMissile
0    5333f WP_FireBlaster
0    53396 WP_DisruptorMainFire
0    53618 WP_DisruptorAltFire
0    53a72 WP_FireDisruptor
0    53acc WP_BowcasterAltFire
0    53b70 WP_BowcasterMainFire
0    53d0c WP_FireBowcaster
0    53d21 WP_RepeaterMainFire
0    53d6a WP_RepeaterAltFire
0    53e0e WP_FireRepeater
0    53e68 WP_DEMP2_MainFire
0    53ee6 DEMP2_AltRadiusDamage
0    5414f DEMP2_AltDetonate
0    541d0 WP_DEMP2_AltFire
0    54305 WP_FireDEMP2
0    5431a WP_FlechetteMainFire
0    54423 RemoveLaserTraps
0    5445a DeletePlayerProjectiles
0    54491 prox_mine_think
0    5451f WP_TraceSetStart
0    545d7 WP_ExplosiveDie
0    545e0 WP_flechette_alt_blow
0    545fb WP_CreateFlechetteBouncyThing
0    546d0 WP_FlechetteAltFire
0    54747 WP_FireFlechette
0    5475c rocketThink
0    549dd WP_FireRocket
0    54b3f thermalDetonatorExplode
0    54c1d thermalThinkStandard
0    54c44 WP_FireThermalDetonator
0    54e12 WP_DropThermal
0    54e32 laserTrapExplode
0    54ebc laserTrapDelayedExplode
0    54edb touchLaserTrap
0    54f42 laserTrapThink
0    55009 laserTrapStick
0    5511c TrapThink
0    5512e CreateLaserTrap
0    552d3 WP_PlaceLaserTrap
0    553f6 VectorNPos
0    5545d charge_stick
0    55747 DetPackBlow
0    557b0 DetPackPain
0    55803 DetPackDie
0    55856 drop_charge
0    55a8a BlowDetpacks
0    55b0c RemoveDetpacks
0    55b56 CheatsOn
0    55b63 WP_DropDetPack
0    55c94 WP_FireStunBaton
0    55e4c SnapVectorTowards
0    55e95 LogAccuracyHit
0    55ee4 CalcMuzzlePoint
0    56019 CalcMuzzlePointOrigin
0    560a3 FireWeapon
0    56275 AnimEntCalcMuzzlePoint
0    56359 AnimEntFireWeapon
0    56429 WP_FireEmplaced
0    5652d emplaced_gun_use
0    56762 emplaced_gun_realuse
0    56770 emplaced_gun_pain
0    5677a emplaced_gun_update
0    56aae emplaced_gun_die
0    56acf SP_emplaced_gun
0    56c4d Q_rand
0    56c62 Q_random
0    56c74 Q_crandom
0    56c85 VectorCompare
0    56cbd VectorLength
0    56cf0 VectorLengthSquared
0    56d1c Distance
0    56d5d DistanceSquared
0    56dab VectorNormalizeFast
0    56e0a VectorInverse
0    56e32 CrossProduct
0    56eab ClampChar
0    56ec2 ClampShort
0    56ed9 DirToByte
0    56f34 ByteToDir
0    56f52 ColorBytes3
0    56fc1 ColorBytes4
0    57053 NormalizeColor
0    570c9 PlaneFromPoints
0    57187 RotatePointAroundVector
0    57292 RotateAroundDirection
0    572d6 vectoangles
0    57392 AnglesToAxis
0    573c7 AxisClear
0    573fe AxisCopy
0    57422 ProjectPointOnPlane
0    574dd MakeNormalVectors
0    57588 VectorRotate
0    57625 Q_rsqrt
0    57658 ET_asin
0    57688 Q_fabs
0    57698 intfloat
0    576a2 floatint
0    576ac LerpAngle
0    576dd AngleSubtract
0    57702 AnglesSubtract
0    57750 AngleMod
0    57762 AngleNormalize360
0    57770 AngleNormalize180
0    5778b AngleDelta
0    5779b SetPlaneSignbits
0    577c8 BoxOnPlaneSide
0    57b89 RadiusFromBounds
0    57bdc ClearBounds
0    57c13 AddPointToBounds
0    57cac VectorNormalize
0    57d1c VectorNormalize2
0    57daa _VectorMA
0    57dec _DotProduct
0    57e21 _VectorSubtract
0    57e5a _VectorAdd
0    57e93 _VectorCopy
0    57eba _VectorScale
0    57eea Vector4Scale
0    57f2c Q_log2
0    57f4b MatrixMultiply
0    58120 AngleVectors
0    58218 PerpendicularVector
0    58284 Rand_Init
0    5828b flrand
0    582cf irand
0    5830a JK2_powf
0    5832d Q_pown
0    58373 clampedIntMult
0    583b5 clampedIntAdd
0    583e4 GetIDForString
0    58429 GetStringForID
0    58465 Com_Clamp
0    5847f Com_Clampi
0    58499 COM_SkipPath
0    584bd COM_StripExtension
0    58508 COM_DefaultExtension
0    58550 ShortSwap
0    58570 ShortNoSwap
0    5857b LongSwap
0    585ae LongNoSwap
0    585b4 Long64Swap
0    585f1 Long64NoSwap
0    585f9 FloatSwap
0    5860f FloatNoSwap
0    58616 COM_BeginParseSession
0    58628 COM_GetCurrentParseLine
0    5862e COM_Parse
0    5863d COM_ParseError
0    5865f COM_ParseWarning
0    58681 SkipWhitespace
0    586b8 COM_Compress
0    5880b COM_ParseExt
0    58950 COM_ParseString
0    58971 COM_ParseInt
0    5899e COM_ParseFloat
0    589cb COM_ParseVec4
0    589f8 COM_MatchToken
0    58a21 SkipBracedSection
0    58a5f SkipRestOfLine
0    58a97 Parse1DMatrix
0    58ad6 Parse2DMatrix
0    58b11 Parse3DMatrix
0    58b56 Q_isprint
0    58b6b Q_islower
0    58b80 Q_isupper
0    58b95 Q_isalpha
0    58bb6 Q_strrchr
0    58bea Q_strncpyz
0    58c25 Q_strnncpyz
0    58c67 Q_stricmpn
0    58cf2 Q_strncmp
0    58d44 Q_stricmp
0    58d6c Q_strlwr
0    58d92 Q_strupr
0    58db8 Q_strcat
0    58de4 Q_PrintStrlen
0    58e94 Q_CleanStr
0    58f6d Q_CleanAsciiStr
0    58fac Q_StripColor
0    59040 Q_strstrip
0    590da Q_strchrs
0    59115 Com_sprintf
0    59156 va
0    59185 Info_ValueForKey
0    5926e Info_HasKey
0    59324 Info_NextPair
0    593c2 Info_RemoveKey
0    5949e Info_RemoveKey_Big
0    5957a Info_Validate
0    595a1 Info_SetValueForKey
0    596c9 Info_SetValueForKey_Big
0    59793 Q_irand
0    597b4 Q_irandExpectedIf
0    597e2 sanitizeFilename
0    598cb safeatoi
0    59a27 colorToHex
0    59a6f parseHex
0    59b2c G_PreDefSound
0    59b4d InFront
0    59bc7 WP_InitForcePowers
0    5a368 WP_SpawnInitForcePowers
0    5a58c ForcePowerUsableOn
0    5a6e1 WP_ForcePowerAvailable
0    5a734 WP_ForcePowerInUse
0    5a74c WP_ForcePowerUsable
0    5a8e1 WP_AbsorbConversion
0    5a9f7 WP_ForcePowerRegenerate
0    5aa4f WP_ForcePowerStart
0    5ad9e ForceHeal
0    5aee6 WP_AddToClientBitflags
0    5af4b ForceTeamHeal
0    5b190 ForceTeamForceReplenish
0    5b371 ForceGrip
0    5b576 ForceSpeed
0    5b632 ForceSeeing
0    5b6db ForceProtect
0    5b7a8 ForceAbsorb
0    5b875 ForceRage
0    5b95c ForceLightning
0    5ba14 ForceLightningDamage
0    5bcac ForceShootLightning
0    5bfe7 ForceDrain
0    5c09f ForceDrainDamage
0    5c3e8 ForceShootDrain
0    5c772 ForceJumpCharge
0    5c932 WP_GetVelocityForForceJump
0    5cb5e ForceJump
0    5ccc3 WP_AddAsMindtricked
0    5cd28 ForceTelepathy
0    5d19e GEntity_UseFunc
0    5d1b5 CanCounterThrow
0    5d259 G_InGetUpAnim
0    5d298 G_LetGoOfWall
0    5d337 ForceThrow
0    5e438 WP_ForcePowerStop
0    5e706 DoGripAction
0    5ed2a G_IsMindTricked
0    5ed91 RemoveTrickedEnt
0    5edfa WP_UpdateMindtrickEnts
0    5ef7e WP_ForcePowerRun
0    5f3a2 WP_DoSpecificPower
0    5f5b7 FindGenericEnemyIndex
0    5f6ef SeekerDroneUpdate
0    5fb41 HolocronUpdate
0    5fcd8 JediMasterUpdate
0    5fdd6 WP_HasForcePowers
0    5fe10 WP_ForcePowersUpdate
0    609d8 Jedi_DodgeEvasion
0    60b8c RandFloat
0    60ba6 SaberUpdateSelf
0    60cba SaberGotHit
0    60cd8 WP_SaberInitBladeData
0    60dea G_G2ClientSpineAngles_1_02
0    610c0 G_G2ClientSpineAngles
0    6129a G_G2PlayerAngles
0    6163a SaberAttacking
0    616ef WP_SabersCheckLock2
0    61b23 WP_SabersCheckLock
0    62241 G_GetParryForBlock
0    62282 WP_GetSaberDeflectionAngle
0    6280d G_KnockawayForParry
0    62836 G_GetAttackDamage
0    6290b G_GetAnimPoint
0    629a6 G_ClientIdleInWorld
0    62a0c G_G2TraceCollide
0    62b69 G_SaberInBackAttack
0    62b84 CheckSaberDamage_1_02
0    63599 CheckSaberDamage
0    64981 CheckThrownSaberDamaged
0    64edd saberCheckRadiusDamage
0    64f82 saberMoveBack
0    64fb2 SaberBounceSound
0    64fc8 DeadSaberThink
0    64fe9 MakeDeadSaber
0    6514e saberBackToOwner
0    654aa thrownSaberTouch
0    6557f saberFirstThrown
0    6591f WP_SaberPositionUpdate
0    666a3 WP_MissileBlockForBlock
0    666d1 WP_SaberBlockNonRandom
0    667dd WP_SaberBlock
0    6697b WP_SaberCanBlock
0    66c2a HasSetSaberOnly
0    66c71 trap_G2API_GetBoltMatrix_NoRecNoRot_DoesNotExistIn_1_02
0    66c87 trap_G2API_CollisionDetect_DoesNotExistIn_1_02
0    66c8f MV_SetGameVersion
0    66d07 MV_PlayerStateToEngine
0    66e40 MV_PlayerStateFromEngine
0    66f79 MV_VersionMagic
0    672be MV_BuildAnimationMappingTable
0    672c1 MV_SetGamePlay
0    673cf BF_decode
0    6750e BF_encode
0    675f2 BF_swap
0    67645 BF_set_key
0    6773d BF_crypt
0    6a2e5 _crypt_output_magic
0    6a31a _crypt_blowfish_rn
0    6a43d _crypt_gensalt_blowfish_rn
0    6a4f2 fp32_from_bits
0    6a4fc fp32_to_bits
0    6a506 count_leading_zeros_32
0    6a555 fp16_ieee_to_fp32_bits
0    6a5b3 fp16_ieee_to_fp32_value
0    6a650 fp16_ieee_from_fp32_value
0    6a6ff levenshtein_n
0    6a817 levenshtein
0    6a843 swapfunc
0    6a8ca med3
0    6a94d qsort
0    6ad06 strlen
0    6ad21 strcat
0    6ad64 strcpy
0    6ad99 strcmp
0    6add2 strchr
0    6adf1 strstr
0    6ae37 tolower
0    6ae4f toupper
0    6ae67 memmove
0    6aeae tan
0    6aec5 srand
0    6aecc rand
0    6aee1 atof
0    6afa6 _atof
0    6b06b atoi
0    6b0e3 _atoi
0    6b165 abs
0    6b17a powf
0    6b191 AddInt
0    6b1f6 AddUInt
0    6b2ba AddFloat
0    6b48c AddString
0    6b54b vsnprintf
0    6b72a sscanf_stringparse
0    6b77a sscanf
0    6b7f4 roundf
0    6b80e fpclassify
0    6b85b fabs
0    6b870 copysignf
0    6b8a2 logf
0    6b91e expf
0    6b98f memcmp
0   fddde4 _stackStart
0   fedde4 _stackEnd
1        4 g_entitiesHashTableCount
1        8 g_logicalents
1        c gDuelExit
1       10 gDuelist1
1       14 gDuelist2
1       18 gRandomUnlockAdd
1       1c gameCvarTable
1     1960 gameCvarTableSize
1     1964 mvapi
1     1968 mvStructConversionDisabled
1     196c coolApi
1     1970 coolApi_dbVersion
1     1974 coolApi_jkaVersion
1     1978 coolApi_userCmdVersion
1     197c coolApi_supported_game_userCmdStoreVersion_int
1     1980 coolApi_supported_game_int
1     1984 coolApi_supported_game_vmflags_int
1     19d4 gQueueScoreMessage
1     19d8 gQueueScoreMessageTime
1     19dc gDidDuelStuff
1     19e4 g_LastFrameTime
1     19e8 g_TimeSinceLastFrame
1     19ec gDoSlowMoDuel
1     19f0 gSlowMoDuelTime
1     19f4 myRandSeed
1     19f8 ctfStateNames
1     1a14 ctfStateDescriptions
1     1a2c sagaStateDescriptions
1     1a38 teamplayStateDescriptions
1     1b00 gWPRenderTime
1     1b04 gDeactivated
1     1b08 gBotEdit
1     1b0c gWPRenderedFrame
1     1b10 gWPNum
1     1b14 gLastPrintedIndex
1     1b18 gLevelFlags
1     1b1c botGlobalNavWeaponWeights
1     1b5c forceMasteryLevels
1     1b7c forceMasteryPoints
1     1b9c bgForcePowerCost
1     1cbc forcePowerSorted
1     1d04 forcePowerDarkLight
1     1d4c WeaponReadyAnim
1     1d8c WeaponAttackAnim
1     1dcc bg_itemlist
1     2688 bg_numItems
1     26e0 eventnames
1     2898 bg_poolSize
1     289c bg_poolTail
1     28c0 animTable
1     4e98 animTable_1_02
1     7564 BGPAFtextLoaded
1     7568 animOverrideNums
1     7598 animOverrideCount
1     761c gPMDoSlowFall
1     7620 pm_stopspeed
1     7624 pm_duckScale
1     7628 pm_swimScale
1     762c pm_wadeScale
1     7630 pm_accelerate
1     7634 pm_airaccelerate
1     7638 pm_wateraccelerate
1     763c pm_flyaccelerate
1     7640 pm_friction
1     7644 pm_waterfriction
1     7648 pm_flightfriction
1     764c pm_spectatorfriction
1     7650 pm_vq3_duckScale
1     7654 pm_vq3_friction
1     7658 pm_cpm_accelerate
1     765c pm_cpm_airaccelerate
1     7660 pm_cpm_airstopaccelerate
1     7664 pm_cpm_airstrafeaccelerate
1     7668 pm_cpm_airstrafewishspeed
1     766c pm_sp_accelerate
1     7670 pm_sp_airaccelerate
1     7674 pm_sp_frictionModifier
1     7678 pm_sp_airDecelRate
1     767c c_pmove
1     7680 forceSpeedLevels
1     7690 forcePowerNeeded_1_04
1     77b0 forcePowerNeeded_1_02
1     78d0 forcePowerNeeded
1     78d4 forceJumpHeight
1     78e4 forceJumpHeightMax
1     78f4 forceJumpStrength
1     7a04 pmcss_stopspeed
1     7a08 pmcss_maxspeed
1     7a0c pmcss_duckspeed
1     7a10 pmcss_accelerate
1     7a14 pmcss_airaccelerate
1     7a18 pmcss_wateraccelerate
1     7a1c pmcss_friction
1     7a20 pmcss_waterfriction
1     7a24 pmcss_waterspeed
1     7a34 pmq2_stopspeed
1     7a38 pmq2_maxspeed
1     7a3c pmq2_duckspeed
1     7a40 pmq2_accelerate
1     7a44 pmq2_airaccelerate
1     7a48 pmq2_wateraccelerate
1     7a4c pmq2_friction
1     7a50 pmq2_waterfriction
1     7a54 pmq2_waterspeed
1     7a84 saberMoveData
1     8d44 transitionMove
1     8fc8 saberMoveTransitionAngle
1     915c flatNormal
1     9168 WP_MuzzlePoint
1     9228 weaponData_1_02
1     95a8 weaponData_1_03
1     9928 weaponData_1_04
1     9ca8 weaponData
1     9cac ammoData
1     9cd4 nullUserCmd
1     9da4 g_botInfosHashTable
1     ada4 g_arenaInfosHashTable
1     bda4 g_blacklistedMapsHashTable
1     cda4 playerMins
1     cdb0 playerMaxs
1     cdbc gJMSaberEnt
1     cdc0 knownClanTags
1     d0a0 clanTagCount
1     d0a4 clanTagHashTable
1     d4a8 g2SaberInstance
1     d4cc helpTips
1     d954 helpTipCount
1     d974 gc_orders
1     d990 gameNames
1     d9cc modNames
1     dc7c hitLocName
1     dd38 gGAvoidDismember
1     ddb8 semiBreakingChangeVersionDefrag
1     ddbc subContestParams
1     ddc0 nameTagTypeNames
1     ddcc q3DefragTargetNames
1     e0ec q2TraceModificationCount
1     e0f0 q2SkimsModificationCount
1     e0f4 topNumberStrings
1     e1a4 defaultRunFlags
1     e1a8 allowedRollRunFlags
1     e1ac allowedRunFlags
1     e1b0 allowedMapDefaultRunFlags
1     e1b4 allowedMovementStyles
1     e1b8 runFlagsNames
1     e1e8 leaderboardNames
1     e1fc runFlagsShortNames
1     e22c runFlagsVeryShortNames
1     e25c modeNames
1     e274 moveStyleNames
1     e2a8 MAX_RUN_FLAGS
1     e2b8 shieldLoopSound
1     e2bc shieldAttachSound
1     e2c0 shieldActivateSound
1     e2c4 shieldDeactivateSound
1     e2c8 shieldDamageSound
1     e2cc shieldItem
1     e308 weaponFromMOD
1     e3a0 weaponNameFromIndex
1     e3e0 gAnimEntTypes
1     e3e4 animEntRoot
1     e3e8 gEscaping
1     e3ec gEscapeTime
1     e420 fields
1     e610 spawns
1     ea04 defaultStyles
1     eb84 precachedKyle
1     ebc0 remapCount
1     ebf4 gG2KillNum
1    10c98 vec3_origin
1    10ca4 axisDefault
1    10cc8 colorBlack
1    10cd8 colorRed
1    10ce8 colorGreen
1    10cf8 colorBlue
1    10d08 colorYellow
1    10d18 colorMagenta
1    10d28 colorCyan
1    10d38 colorWhite
1    10d48 colorLtGrey
1    10d58 colorMdGrey
1    10d68 colorDkGrey
1    10d78 colorLtBlue
1    10d88 colorDkBlue
1    10d98 g_color_table
1    10e18 g_color_table_nt
1    11618 bytedirs
1    11dd0 holdrand
1    11de0 speedLoopSound
1    11de4 rageLoopSound
1    11de8 protectLoopSound
1    11dec absorbLoopSound
1    11df0 seeLoopSound
1    11df4 ysalamiriLoopSound
1    11df8 forcePowerMinRank
1    1211c saberSpinSound
1    12120 saberOffSound
1    12124 saberOnSound
1    12128 saberHumSound
1    12234 jk2version
1    12238 jk2gameplay
1    1223c jk2startversion
1    12240 animMappingTable_1_04_to_1_02
1    1352c animMappingTable_1_02_to_1_04
1    14634 bcrypt_errno
1    14638 BF_magic_w
1    14650 BF_init_state
1    156a4 randSeed
2    1b55e clientColors
2    1b580 broadcastPrint
2    2b995 ctfFlagStatusRemap
2    2eab6 BF_itoa64
2    2eaf7 BF_atoi64
2    2eb57 flags_by_subtype
3     4000 Init_restart
3     4004 Init_randomSeed
3     4008 Init_levelTime
3     400c coolApi_supported_game
3     411c coolApi_supported_game_userCmdStoreVersion
3     422c g_MVSDK
3     433c g_gamedate
3     444c g_gamename
3     455c g_listEntity
3     466c g_ttFlagsGp
3     477c g_podiumDrop
3     488c g_podiumDist
3     499c g_statLogFile
3     4aac g_statLog
3     4bbc g_logSync
3     4ccc g_log
3     4ddc g_MaxHolocronCarry
3     4eec g_crossServerDefragTimes
3     4ffc g_crossServerChat
3     510c g_mineSwitchFix
3     521c g_unlockRandom
3     532c g_randomTipInterval
3     543c g_blockIdenticalUserSnapsMinFps
3     554c g_blockIdenticalUserSnaps
3     565c g_userCmdBufferSmoothen
3     576c g_userCmdBuffer
3     587c g_botTeamAutoBalance
3     598c g_submodelWorkaround
3     5a9c g_mv_forcePowerDisableMode
3     5bac g_connectinglimit
3     5cbc g_connectionlimit
3     5dcc g_mv_fixturretcrash
3     5edc g_mv_blockspeedhack
3     5fec g_mv_blockchargejump
3     60fc g_mv_fixbrokenmodels
3     620c g_mv_fixgalaking
3     631c g_debugMelee
3     642c g_austrian
3     653c g_saberDebugPrint
3     664c g_saberDmgDelay_Wound
3     675c g_saberDmgDelay_Idle
3     686c g_saberDmgVelocityScale
3     697c g_allowNameDupes
3     6a8c g_fpsToggleDelay
3     6b9c g_sv_fps
3     6cac g_timeouttospec
3     6dbc g_forceDodge
3     6ecc g_dismember
3     6fdc g_singlePlayer
3     70ec g_enableBreath
3     71fc g_enableDust
3     730c g_rankings
3     741c g_entHUDFields
3     752c g_fixHighFPSAbuse
3     763c g_ttFlags
3     774c g_pmove_float
3     785c g_pmove_msec
3     796c g_pmove_fixed
3     7a7c g_smoothClients
3     7b8c g_blueteam
3     7c9c g_redteam
3     7dac g_debugUp
3     7ebc g_debugRight
3     7fcc g_debugForward
3     80dc g_filterBan
3     81ec g_banIPs
3     82fc g_teamForceBalance
3     840c g_teamAutoJoin
3     851c g_slowVoteAFKThreshold
3     862c g_slowVote
3     873c g_allowVote
3     884c g_blood
3     895c g_doWarmup
3     8a6c g_warmup
3     8b7c g_motd
3     8c8c g_synchronousClients
3     8d9c g_autoScoresInterval
3     8eac g_strafebotSlopeHandling
3     8fbc g_q2Skims
3     90cc g_q2trace
3     91dc g_mapDefaultRunFlags
3     92ec g_mapDefaultJump
3     93fc g_mapDefaultMsec
3     950c g_adaptRespawn
3     961c g_weaponTeamRespawn
3     972c g_weaponRespawn
3     983c g_debugDamage
3     994c g_debugAlloc
3     9a5c g_debugMove
3     9b6c g_developer
3     9c7c g_inactivityToSpecRacers
3     9d8c g_inactivityToSpec
3     9e9c g_inactivity
3     9fac g_afkCmdMinSecs
3     a0bc g_startWeaponAlwaysSaber
3     a1cc g_forcerespawn
3     a2dc g_quadfactor
3     a3ec g_knockback
3     a4fc g_speed
3     a60c g_gravity
3     a71c g_needpass
3     a82c g_password
3     a93c g_friendlySaber
3     aa4c g_friendlyFire
3     ab5c g_saberInterpolate
3     ac6c g_capturelimit
3     ad7c g_timelimit
3     ae8c g_duel_fraglimit
3     af9c g_fraglimit
3     b0ac g_duelWeaponDisable
3     b1bc g_fraglimitVoteCorrection
3     b2cc g_allowDuelSuicide
3     b3dc g_weaponDisable
3     b4ec g_forcePowerDisable
3     b5fc g_spawnInvulnerability
3     b70c g_forceRegenTime
3     b81c g_alwaysAllowTeamChat
3     b92c g_useWhileThrowing
3     ba3c g_saberDamageScale
3     bb4c g_slowmoDuelEnd
3     bc5c g_logClientInfo
3     bd6c g_saberBoxTraceSize
3     be7c g_saberAlwaysBoxTrace
3     bf8c g_saberGhoul2Collision
3     c09c g_arenaAutoGen
3     c1ac g_defragArenaAutoGen
3     c2bc g_defragForceRegenFps
3     c3cc g_bubbleSpawn
3     c4dc g_triggersRobust
3     c5ec g_defragSimpleResetSpawn
3     c6fc g_defragKillSafetyMinSecs
3     c80c g_defragAutoDemo
3     c91c g_defragLastDemoId
3     ca2c g_defragLastRunId
3     cb3c g_defrag
3     cc4c g_modesDefault
3     cd5c g_modes
3     ce6c g_saberTraceSaberFirst
3     cf7c g_saberLockFactor
3     d08c g_saberLocking
3     d19c g_privateDuel
3     d2ac g_forceBasedTeams
3     d3bc g_maxForceRank
3     d4cc g_dmflags
3     d5dc g_autoMapCycle
3     d6ec g_trueJedi
3     d7fc g_restarted
3     d90c g_maxGameClients
3     da1c g_maxclients
3     db2c g_cheats
3     dc3c g_dedicated
3     dd4c g_gametype
3     de5c g_dfv
3     df6c g_entitiesHashTable
3     ef6c g_entities
3   93ef6c level
3   946ee4 mv_clientSessions
3   947164 mv_entities
3   968164 g_clients
3   b07ae4 g_ff_objectives
3   b07bfc droppedBlueFlag
3   b07c00 droppedRedFlag
3   b07c04 gBotEventTracker
3   b07e04 regularupdate_time
3   b07e08 numbots
3   b07e0c botstates
3   b07e8c floattime
3   b07e90 eFlagBlue
3   b07e94 eFlagRed
3   b07e98 oFlagBlue
3   b07e9c flagBlue
3   b07ea0 oFlagRed
3   b07ea4 flagRed
3   b07ea8 bot_wp_visconnect
3   b07fb8 bot_wp_distconnect
3   b080c8 bot_wp_clearweight
3   b081d8 bot_wp_edit
3   b082e8 bot_wp_info
3   b083f8 bot_camp
3   b08508 bot_attachments
3   b08618 bot_honorableduelacceptance
3   b08728 bot_forgimmick
3   b08838 bot_forcepowers
3   b08948 gBotChatBuffer
3   b48948 nodenum
3   b4894c nodetable
3   b6894c gWPArray
3   b6c94c bg_pool
3   d6094c BGPAFtext
3   d6a58c bgGlobalAnimations
3   d72a00 pml
3   d72ea8 pm
3   d72eac pmlcss
3   d72f2c pmcss
3   d72f30 pmlq2
3   d733f8 pmq2
3   d757fc cmd_cmd
3   d777fc cmd_tokenized
3   d79bfc cmd_argv
3   d7abfc cmd_argc
3   d7ac00 userCmdBuffer
3   e5ad80 podium3
3   e5ad84 podium2
3   e5ad88 podium1
3   e7ed90 bot_minplayers
3   e7eea0 botSpawnQueue
3   e7ef20 g_blacklistedMaps
3   e8af20 g_numBlacklistedMaps
3   e8af24 g_botInfosHashed
3   e8df24 g_numBots
3   e8df28 g_arenaInfosHashed
3   e99f28 g_numArenas
3   ea4778 Client_Force
3   f30fd8 dfOldDelta
3   f30fe4 backupValues
3   f37fe4 saved
3   f61e28 fpsTableIndexToMsec
3   f61f28 fpsTableMsecToIndex
3   f62ed0 defaultRaceStyle
3   f62edc itemRegistered
3   f632dc G_WeaponLogItems
3   f63adc G_WeaponLogPowerups
3   f63e5c G_WeaponLogClientTouch
3   f63edc G_WeaponLogLastTime
3   f63f5c G_WeaponLogTime
3   f6475c G_WeaponLogFrags
3   f6575c G_WeaponLogDeaths
3   f65f5c G_WeaponLogKills
3   f6725c G_WeaponLogDamage
3   f6855c G_WeaponLogFired
3   f68d5c G_WeaponLogPickups
3   f6955c allocPoint
3   f69560 memoryPool
3   fa9560 gJanSound_Alert
3   fa9574 gJanSound_Death
3   fa9580 gJanSound_Pain
3   fa9590 gRodianSound_Alert
3   fa95a4 gRodianSound_Death
3   fa95b0 gRodianSound_Pain
3   fa95c0 gTrooperSound_Alert
3   fa95d4 gTrooperSound_Death
3   fa95e0 gTrooperSound_Pain
3   fa95f0 gExplSound
3   fa95f4 pushed_p
3   fa95f8 pushed
3   fb15f8 imperial_attackers
3   fb15fc rebel_attackers
3   fb1600 rebel_goals_completed
3   fb1604 rebel_goals_required
3   fb1608 imperial_goals_completed
3   fb160c imperial_goals_required
3   fb1610 saga_round_over
3   fb1614 saga_valid
3   fb1618 saga_info
3   fb3618 numIPFilters
3   fb361c ipFilters
3   fb561c teamgame
3   fb5638 gTrigFallSound
3   fb6bdc gG2KillIndex
3   fb6cdc remappedShaders
3   fbaedc ent_list
3   fbbedc muzzle
3   fbbee8 up
3   fbbef4 right
3   fbbf00 forward
3   fbbf0c s_quadFactor
3   fd1928 com_lines
3   fd192c com_parsename
3   fd1d2c com_token
3   fd212c trap_G2API_SetBoneAnim
3   fd2130 trap_G2API_GetGLAName
3   fd2134 trap_G2API_SetBoneAngles
3   fd2138 trap_G2API_CollisionDetect
3   fd213c trap_G2API_CleanGhoul2Models
3   fd2140 trap_G2API_RemoveGhoul2Model
3   fd2144 trap_G2API_HasGhoul2ModelOnIndex
3   fd2148 trap_G2API_DuplicateGhoul2Instance
3   fd214c trap_G2API_CopySpecificGhoul2Model
3   fd2150 trap_G2API_CopyGhoul2Instance
3   fd2154 trap_G2API_SetBoltInfo
3   fd2158 trap_G2API_AddBolt
3   fd215c trap_G2API_InitGhoul2Model
3   fd2160 trap_G2API_GetBoltMatrix_NoRecNoRot
3   fd2164 g_ps
