0 fffff828 trap_G_COOL_API_GetFileVersion
0 fffff829 trap_G_COOL_API_AttachG2Model
0 fffff82a trap_G_COOL_API_GetSurfaceRenderStatus
0 fffff82b trap_G_COOL_API_SkinlessModel
0 fffff82c trap_G_COOL_API_SetSkin
0 fffff82d trap_G_COOL_API_GiveMeVectorFromMatrix
0 fffff82e trap_G_COOL_API_GetLanguageName
0 fffff82f trap_G_COOL_API_GetNumLanguages
0 fffffb3e trap_G_COOL_API_DB_GetMoreResults
0 fffffb3f trap_G_COOL_API_DB_PreparedBindNull
0 fffffb40 trap_G_COOL_API_DB_GetBinary
0 fffffb41 trap_G_COOL_API_DB_FinishAndSendPreparedStatement
0 fffffb42 trap_G_COOL_API_DB_PreparedBindBinary
0 fffffb43 trap_G_COOL_API_DB_PreparedBindInt
0 fffffb44 trap_G_COOL_API_DB_PreparedBindFloat
0 fffffb45 trap_G_COOL_API_DB_PreparedBindString
0 fffffb46 trap_G_COOL_API_DB_AddPreparedStatement
0 fffffb47 trap_G_COOL_API_DB_AddRequestTyped
0 fffffb48 trap_G_COOL_API_DB_GetString
0 fffffb49 trap_G_COOL_API_DB_GetFloat
0 fffffb4a trap_G_COOL_API_DB_GetInt
0 fffffb4b trap_G_COOL_API_DB_NextRow
0 fffffb4c trap_G_COOL_API_DB_GetReference
0 fffffb4d trap_G_COOL_API_DB_NextResponse
0 fffffb4e trap_G_COOL_API_DB_AddRequest
0 fffffb4f trap_G_COOL_API_DB_EscapeString
0 fffffba8 trap_G_COOL_API_CrossServerCommand
0 fffffba9 trap_G_COOL_API_CustomEpsilonTraceCapsule
0 fffffbaa trap_G_COOL_API_CustomEpsilonTrace
0 fffffbab trap_G_COOL_API_SendBackUCMD_GameGenerated
0 fffffbac trap_G_COOL_API_NonEpsilonTraceCapsule
0 fffffbad trap_G_COOL_API_NonEpsilonTrace
0 fffffbae trap_G_COOL_API_PlayerUserCmdGetCount
0 fffffbaf trap_G_COOL_API_PlayerUserCmdGet
0 fffffbb0 trap_G_COOL_API_PlayerUserCmdClear
0 fffffbb1 trap_G_COOL_API_PlayerUserCmdRemove
0 fffffbb2 trap_G_COOL_API_PlayerUserCmdAdd
0 fffffbb3 trap_G_COOL_API_SetBrushModelContentFlags
0 fffffd36 trap_MVAPI_Print
0 fffffd37 trap_MVAPI_EnableSubmodelBypass
0 fffffd38 trap_MVAPI_EnablePlayerSnapshots
0 fffffd39 trap_MVAPI_ResetServerTime
0 fffffd3a trap_MVAPI_SetVersion
0 fffffd3b trap_FS_FLock
0 fffffd3e trap_MVAPI_DisableStructConversion
0 fffffd3f trap_MVAPI_GetVersion
0 fffffd40 trap_MVAPI_ControlFixes
0 fffffd41 trap_MVAPI_LocateGameData
0 fffffd42 trap_MVAPI_GetConnectionlessPacket
0 fffffd43 trap_MVAPI_SendConnectionlessPacket
0 fffffda6 trap_G2API_CollisionDetect_1_04
0 fffffda7 trap_G2API_CleanGhoul2Models_1_04
0 fffffda8 trap_G2API_RemoveGhoul2Model_1_04
0 fffffda8 trap_G2API_CleanGhoul2Models_1_02
0 fffffda9 trap_G2API_RemoveGhoul2Model_1_02
0 fffffda9 trap_G2API_HasGhoul2ModelOnIndex_1_04
0 fffffdaa trap_G2API_DuplicateGhoul2Instance_1_04
0 fffffdaa trap_G2API_HasGhoul2ModelOnIndex_1_02
0 fffffdab trap_G2API_DuplicateGhoul2Instance_1_02
0 fffffdab trap_G2API_CopySpecificGhoul2Model_1_04
0 fffffdac trap_G2API_CopyGhoul2Instance_1_04
0 fffffdac trap_G2API_CopySpecificGhoul2Model_1_02
0 fffffdad trap_G2API_GetGLAName_1_04
0 fffffdad trap_G2API_CopyGhoul2Instance_1_02
0 fffffdae trap_G2API_GetGLAName_1_02
0 fffffdae trap_G2API_SetBoneAnim_1_04
0 fffffdaf trap_G2API_SetBoneAnim_1_02
0 fffffdaf trap_G2API_SetBoneAngles_1_04
0 fffffdb0 trap_G2API_SetBoltInfo_1_04
0 fffffdb0 trap_G2API_SetBoneAngles_1_02
0 fffffdb1 trap_G2API_AddBolt_1_04
0 fffffdb1 trap_G2API_SetBoltInfo_1_02
0 fffffdb2 trap_G2API_AddBolt_1_02
0 fffffdb2 trap_G2API_InitGhoul2Model_1_04
0 fffffdb3 trap_G2API_InitGhoul2Model_1_02
0 fffffdb3 trap_G2API_GetBoltMatrix_NoRecNoRot_1_04
0 fffffdb4 trap_G2API_GetBoltMatrix_NoReconstruct
0 fffffdb5 trap_G2API_GetBoltMatrix
0 fffffdb6 trap_G2_SetGhoul2ModelIndexes
0 fffffdb7 trap_G2_HaveWeGhoul2Models
0 fffffdb8 trap_G2_ListModelSurfaces
0 fffffdb9 trap_G2_ListModelBones
0 fffffdba trap_PC_SourceFileAndLine
0 fffffdbb trap_PC_ReadToken
0 fffffdbc trap_PC_FreeSource
0 fffffdbd trap_PC_LoadSource
0 fffffdbe trap_AAS_PointReachabilityAreaIndex
0 fffffdbf trap_AAS_PredictRoute
0 fffffdc0 trap_AAS_AlternativeRouteGoals
0 fffffdc1 trap_BotAddAvoidSpot
0 fffffdc2 trap_BotSetAvoidGoalTime
0 fffffdc3 trap_BotPredictVisiblePosition
0 fffffdc4 trap_BotRemoveFromAvoidGoals
0 fffffdc5 trap_BotGetChatMessage
0 fffffdc6 trap_BotNumInitialChats
0 fffffdc7 trap_BotGetMapLocationGoal
0 fffffdc8 trap_BotGetNextCampSpotGoal
0 fffffdc9 trap_BotMutateGoalFuzzyLogic
0 fffffdca trap_BotInterbreedGoalFuzzyLogic
0 fffffdcb trap_GeneticParentsAndChildSelection
0 fffffdcc trap_BotResetWeaponState
0 fffffdcd trap_BotFreeWeaponState
0 fffffdce trap_BotAllocWeaponState
0 fffffdcf trap_BotLoadWeaponWeights
0 fffffdd0 trap_BotGetWeaponInfo
0 fffffdd1 trap_BotChooseBestFightWeapon
0 fffffdd2 trap_BotInitMoveState
0 fffffdd3 trap_BotFreeMoveState
0 fffffdd4 trap_BotAllocMoveState
0 fffffdd5 trap_BotMovementViewTarget
0 fffffdd6 trap_BotReachabilityArea
0 fffffdd7 trap_BotResetLastAvoidReach
0 fffffdd8 trap_BotResetAvoidReach
0 fffffdd9 trap_BotMoveInDirection
0 fffffdda trap_BotMoveToGoal
0 fffffddb trap_BotResetMoveState
0 fffffddc trap_BotFreeGoalState
0 fffffddd trap_BotAllocGoalState
0 fffffdde trap_BotSaveGoalFuzzyLogic
0 fffffddf trap_BotFreeItemWeights
0 fffffde0 trap_BotLoadItemWeights
0 fffffde1 trap_BotUpdateEntityItems
0 fffffde2 trap_BotInitLevelItems
0 fffffde3 trap_BotAvoidGoalTime
0 fffffde4 trap_BotGetLevelItemGoal
0 fffffde5 trap_BotItemGoalInVisButNotVisible
0 fffffde6 trap_BotTouchingGoal
0 fffffde7 trap_BotChooseNBGItem
0 fffffde8 trap_BotChooseLTGItem
0 fffffde9 trap_BotGetSecondGoal
0 fffffdea trap_BotGetTopGoal
0 fffffdeb trap_BotGoalName
0 fffffdec trap_BotDumpGoalStack
0 fffffded trap_BotDumpAvoidGoals
0 fffffdee trap_BotEmptyGoalStack
0 fffffdef trap_BotPopGoal
0 fffffdf0 trap_BotPushGoal
0 fffffdf1 trap_BotResetAvoidGoals
0 fffffdf2 trap_BotResetGoalState
0 fffffdf3 trap_BotSetChatName
0 fffffdf4 trap_BotSetChatGender
0 fffffdf5 trap_BotLoadChatFile
0 fffffdf6 trap_BotReplaceSynonyms
0 fffffdf7 trap_UnifyWhiteSpaces
0 fffffdf8 trap_BotMatchVariable
0 fffffdf9 trap_BotFindMatch
0 fffffdfa trap_StringContains
0 fffffdfb trap_BotEnterChat
0 fffffdfc trap_BotChatLength
0 fffffdfd trap_BotReplyChat
0 fffffdfe trap_BotInitialChat
0 fffffdff trap_BotNumConsoleMessages
0 fffffe00 trap_BotNextConsoleMessage
0 fffffe01 trap_BotRemoveConsoleMessage
0 fffffe02 trap_BotQueueConsoleMessage
0 fffffe03 trap_BotFreeChatState
0 fffffe04 trap_BotAllocChatState
0 fffffe05 trap_Characteristic_String
0 fffffe06 trap_Characteristic_BInteger
0 fffffe07 trap_Characteristic_Integer
0 fffffe08 trap_Characteristic_BFloat
0 fffffe09 trap_Characteristic_Float
0 fffffe0a trap_BotFreeCharacter
0 fffffe0b trap_BotLoadCharacter
0 fffffe56 trap_EA_ResetInput
0 fffffe57 trap_EA_GetInput
0 fffffe58 trap_EA_EndRegular
0 fffffe59 trap_EA_View
0 fffffe5a trap_EA_Move
0 fffffe5b trap_EA_DelayedJump
0 fffffe5c trap_EA_Jump
0 fffffe5d trap_EA_SelectWeapon
0 fffffe5e trap_EA_MoveRight
0 fffffe5f trap_EA_MoveLeft
0 fffffe60 trap_EA_MoveBack
0 fffffe61 trap_EA_MoveForward
0 fffffe62 trap_EA_MoveDown
0 fffffe63 trap_EA_MoveUp
0 fffffe64 trap_EA_Crouch
0 fffffe65 trap_EA_Respawn
0 fffffe66 trap_EA_Use
0 fffffe67 trap_EA_ForcePower
0 fffffe68 trap_EA_Alt_Attack
0 fffffe69 trap_EA_Attack
0 fffffe6a trap_EA_Talk
0 fffffe6b trap_EA_Gesture
0 fffffe6c trap_EA_Action
0 fffffe6d trap_EA_Command
0 fffffe6e trap_EA_SayTeam
0 fffffe6f trap_EA_Say
0 fffffec1 trap_AAS_PredictClientMovement
0 fffffec2 trap_AAS_Swimming
0 fffffec3 trap_AAS_AreaTravelTimeToGoalArea
0 fffffec4 trap_AAS_AreaReachability
0 fffffec5 trap_AAS_IntForBSPEpairKey
0 fffffec6 trap_AAS_FloatForBSPEpairKey
0 fffffec7 trap_AAS_VectorForBSPEpairKey
0 fffffec8 trap_AAS_ValueForBSPEpairKey
0 fffffec9 trap_AAS_NextBSPEntity
0 fffffeca trap_AAS_PointContents
0 fffffecb trap_AAS_TraceAreas
0 fffffecc trap_AAS_PointAreaNum
0 fffffecd trap_AAS_Time
0 fffffece trap_AAS_PresenceTypeBoundingBox
0 fffffecf trap_AAS_Initialized
0 fffffed0 trap_AAS_EntityInfo
0 fffffed1 trap_AAS_AreaInfo
0 fffffed2 trap_AAS_BBoxAreas
0 fffffed3 trap_AAS_EnableRoutingArea
0 ffffff2c trap_BotUserCommand
0 ffffff2d trap_BotGetServerCommand
0 ffffff2e trap_BotGetSnapshotEntity
0 ffffff2f trap_BotLibTest
0 ffffff30 trap_BotLibUpdateEntity
0 ffffff31 trap_BotLibLoadMap
0 ffffff32 trap_BotLibStartFrame
0 ffffff33 trap_BotLibDefine
0 ffffff34 trap_BotLibVarGet
0 ffffff35 trap_BotLibVarSet
0 ffffff36 trap_BotLibShutdown
0 ffffff37 trap_BotLibSetup
0 ffffff8c asin
0 ffffff8d acos
0 ffffff90 ceil
0 ffffff91 floor
0 ffffff92 perpendicularvector
0 ffffff93 anglevectors
0 ffffff94 matrixmultiply
0 ffffff95 sqrt
0 ffffff96 atan2
0 ffffff97 cos
0 ffffff98 sin
0 ffffff99 strncpy
0 ffffff9a memcpy
0 ffffff9b memset
0 ffffffcc trap_ROFF_Purge_Ent
0 ffffffcd trap_ROFF_Play
0 ffffffce trap_ROFF_Cache
0 ffffffcf trap_ROFF_UpdateEntities
0 ffffffd0 trap_ROFF_Clean
0 ffffffd1 trap_SP_GetStringTextString
0 ffffffd2 trap_SP_RegisterServer
0 ffffffd3 trap_EntityContactCapsule
0 ffffffd4 trap_TraceCapsule
0 ffffffd5 trap_SnapVector
0 ffffffd6 trap_RealTime
0 ffffffd7 trap_DebugPolygonDelete
0 ffffffd8 trap_DebugPolygonCreate
0 ffffffd9 trap_FS_GetFileList
0 ffffffda trap_GetEntityToken
0 ffffffdb trap_GetUsercmd
0 ffffffdc trap_BotFreeClient
0 ffffffdd trap_BotAllocateClient
0 ffffffde trap_EntityContact
0 ffffffdf trap_EntitiesInBox
0 ffffffe0 trap_UnlinkEntity
0 ffffffe1 trap_LinkEntity
0 ffffffe2 trap_AreasConnected
0 ffffffe3 trap_AdjustAreaPortalState
0 ffffffe4 trap_InPVSIgnorePortals
0 ffffffe5 trap_InPVS
0 ffffffe6 trap_PointContents
0 ffffffe7 trap_Trace
0 ffffffe8 trap_SetBrushModel
0 ffffffe9 trap_GetServerinfo
0 ffffffea trap_SetUserinfo
0 ffffffeb trap_GetUserinfo
0 ffffffec trap_GetConfigstring
0 ffffffed trap_SetConfigstring
0 ffffffee trap_SendServerCommand
0 ffffffef trap_DropClient
0 fffffff0 trap_LocateGameData
0 fffffff1 trap_SendConsoleCommand
0 fffffff2 trap_FS_FCloseFile
0 fffffff3 trap_FS_Write
0 fffffff4 trap_FS_Read
0 fffffff5 trap_FS_FOpenFile
0 fffffff6 trap_Argv
0 fffffff7 trap_Argc
0 fffffff8 trap_Cvar_VariableStringBuffer
0 fffffff9 trap_Cvar_VariableIntegerValue
0 fffffffa trap_Cvar_Set
0 fffffffb trap_Cvar_Update
0 fffffffc trap_Cvar_Register
0 fffffffd trap_Milliseconds
0 fffffffe trap_Error
0 ffffffff trap_Printf
0        0 vmMain
0       5d JK2_vmMain
0      319 G_BitMaskCvarUpdated
0      37b G_Printf
0      396 G_Error
0      3b1 MVAPI_Init
0      405 MVAPI_AfterInit
0      461 G_FindTeams
0      565 G_RemapTeamShaders
0      568 G_RegisterCvars
0      61b G_CheckCvarChanges
0      637 G_UpdateCvars
0      6c4 MV_UpdateMvsdkConfigstring
0      6e2 MV_UpdateSvFlags
0      724 G_InitGame
0      a4e G_ShutdownGame
0      ada Com_Error
0      af7 Com_Printf
0      b14 AddTournamentPlayer
0      b8d RemoveTournamentLoser
0      bb4 RemoveDuelDrawLoser
0      c56 RemoveTournamentWinner
0      c7d AdjustTournamentScores
0      e48 SortRanks
0      f8b CalculateRanks
0     1390 SendScoreboardMessageToAllClients
0     13b9 MoveClientToIntermission
0     1475 FindIntermissionPoint
0     14e7 BeginIntermission
0     155a DuelLimitHit
0     1591 DuelResetWinsLosses
0     15c2 ExitLevel
0     164f G_LogPrintf
0     16bd LogExit
0     17b4 CheckIntermissionExit
0     1ad5 ScoreIsTied
0     1b1e CheckExitRules
0     1dca CheckTournament
0     1f51 G_CalculateVoteExecuteTime
0     1fb7 CheckVote
0     21a5 PrintTeam
0     21d0 SetLeader
0     2293 CheckTeamLeader
0     232b CheckTeamVote
0     2424 CheckCvars
0     2451 G_AutoGenerateArena
0     2602 sortironmanners
0     2633 G_CheckIronManStatus
0     281d G_RunThink
0     28c3 G_RunFrame
0     31d0 G_GetStripEdString
0     31e1 mysrand
0     31e8 myrand
0     31fd G_StringAppendSubstring
0     3233 MV_BBoxToTime2
0     32a0 MV_ModelindexToTime2
0     32c3 BotStraightTPOrderCheck
0     332d BotSelectWeapon
0     333f BotReportStatus
0     339e BotOrder
0     3539 BotMindTricked
0     35b0 BotAI_Print
0     35b3 IsTeamplay
0     35c0 BotAI_GetClientState
0     35f1 BotAI_GetEntityState
0     3636 BotAI_GetSnapshotEntity
0     3667 BotEntityInfo
0     3673 NumBots
0     3679 AngleDifference
0     36a1 BotChangeViewAngle
0     370d BotChangeViewAngles
0     38ac BotInputToUserCommand
0     3b41 BotUpdateInput
0     3c04 BotAIRegularUpdate
0     3c15 RemoveColorEscapeSequences
0     3cd9 BotAI
0     3e2a BotScheduleBotThink
0     3e68 PlayersInGame
0     3ea9 BotAISetupClient
0     3fdb BotAIShutdownClient
0     402a BotResetState
0     4115 BotAILoadMap
0     414f OrgVisible
0     4175 WPOrgVisible
0     420a OrgVisibleBox
0     423a CheckForFunc
0     428d GetNearestVisibleWP
0     4353 PassWayCheck
0     43ed TotalTrailDistance
0     44c6 CheckForShorterRoutes
0     4618 WPConstantRoutine
0     4745 BotCTFGuardDuty
0     4761 WPTouchRoutine
0     4928 MoveTowardIdealAngles
0     4938 BotTrace_Strafe
0     4ad6 BotTrace_Jump
0     4c0f BotTrace_Duck
0     4cf3 PassStandardEnemyChecks
0     4ee4 BotDamageNotification
0     4fe5 BotCanHear
0     50e3 UpdateEventTracker
0     5146 InFieldOfVision
0     51c8 PassLovedOneCheck
0     5298 ScanForEnemies
0     54aa WaitingForNow
0     5580 BotGetWeaponRange
0     55d0 BotIsAChickenWuss
0     56d2 GetNearestBadThing
0     5981 BotDefendFlag
0     59f6 BotGetEnemyFlag
0     5a6b BotGetFlagBack
0     5b6a BotGuardFlagCarrier
0     5c69 BotGetFlagHome
0     5cde GetNewFlagPoint
0     5df5 CTFTakesPriority
0     60fa EntityVisibleBox
0     6137 Saga_TargetClosestObjective
0     6346 Saga_DefendFromAttackers
0     6448 Saga_CountDefenders
0     64bb Saga_CountTeammates
0     6519 SagaTakesPriority
0     682b JMTakesPriority
0     6912 BotHasAssociated
0     69d1 GetBestIdleGoal
0     6ac7 GetIdealDestination
0     70b2 CommanderBotCTFAI
0     7388 CommanderBotSagaAI
0     74b3 BotDoTeamplayAI
0     74de CommanderBotTeamplayAI
0     7690 CommanderBotAI
0     76b9 MeleeCombatHandling
0     781e SaberCombatHandling
0     7c1a BotWeaponCanLead
0     7c5e BotAimLeading
0     7db5 BotAimOffsetGoalAngles
0     7fb7 ShouldSecondaryFire
0     80c0 CombatBotAI
0     82a9 BotFallbackNavigation
0     834c BotTryAnotherWeapon
0     83cd BotWeaponSelectable
0     8404 BotSelectIdealWeapon
0     85a3 BotSelectChoiceWeapon
0     8632 BotSelectMelee
0     8663 GetLoveLevel
0     86f8 BotLovedOneDied
0     8845 BotDeathNotify
0     88cb StrafeTracing
0     89bf PrimFiring
0     89f0 KeepPrimFromFiring
0     8a25 AltFiring
0     8a56 KeepAltFromFiring
0     8a8b CheckForFriendInLOF
0     8b52 BotScanForLeader
0     8be2 BotReplyGreetings
0     8c51 CTFFlagMovement
0     8e33 BotCheckDetPacks
0     8f77 BotUseInventoryItem
0     9051 BotSurfaceNear
0     90b6 BotWeaponBlockable
0     90eb StandardBotAI
0     b155 BotAIStartFrame
0     b253 BotAISetup
0     b2e8 BotAIShutdown
0     b326 B_TempAlloc
0     b333 B_TempFree
0     b33c B_Alloc
0     b349 B_Free
0     b34c B_InitAlloc
0     b358 B_CleanupAlloc
0     b35b GetValueGroup
0     b453 GetPairedValue
0     b5f9 BotDoChat
0     b8ef ParseEmotionalAttachments
0     ba32 ReadChatGroups
0     bac2 BotUtilizePersonality
0     bf66 GetFlagStr
0     c265 G_TestLine
0     c29f BotWaypointRender
0     c4cd TransferWPData
0     c5f3 CreateNewWP
0     c693 CreateNewWP_FromObject
0     c800 RemoveWP
0     c856 RemoveWP_InTrail
0     c93b CreateNewWP_InTrail
0     ca99 TeleportToWP
0     cb1f WPFlagsModify
0     cb5e NotWithinRange
0     cb93 NodeHere
0     cc25 CanGetToVector
0     cc54 CanGetToVectorTravel
0     cd78 ConnectTrail
0     d389 OpposingEnds
0     d407 DoorBlockingSection
0     d4ea RepairPaths
0     d617 OrgVisibleCurve
0     d677 CanForceJumpTo
0     d762 CalculatePaths
0     d9dc GetObjectThatTargets
0     da0b CalculateSagaGoals
0     db38 GetNearestVisibleWPToItem
0     dc24 CalculateWeightGoals
0     ddf4 CalculateJumpRoutes
0     df21 LoadPathData
0     e2c8 FlagObjects
0     e4f4 SavePathData
0     e83f LoadPath_ThisLevel
0     e8da GetClosestSpawn
0     e978 GetNextSpawnInIndex
0     ea1c AcceptBotCommand
0     ee8f BG_LegalizedForcePowers
0     f2ce vectoyaw
0     f328 BG_HasYsalamiri
0     f357 BG_CanUseFPNow
0     f3f4 BG_FindItemForPowerup
0     f430 BG_FindItemForHoldable
0     f46a BG_FindItemForWeapon
0     f49d BG_FindItem
0     f4c6 BG_PlayerTouchesItem
0     f526 BG_ProperForceIndex
0     f549 BG_CycleForce
0     f609 BG_GetItemIndexByTag
0     f639 BG_CycleInven
0     f6a5 BG_CanItemBeGrabbed
0     f99d BG_EvaluateTrajectory
0     fb6b BG_EvaluateTrajectoryDelta
0     fc65 BG_AddPredictableEventToPlayerstate
0     fca0 BG_UserCmdToUserStats
0     fd27 BG_StatsToUserCmd
0     fdb6 BG_RaceStyleToUserStats
0     fe30 BG_StatsToRaceStyle
0     feaf BG_MsecToEffectiveGravity
0     fef7 BG_JumpPadMsecCompensationFactor
0     ff30 BG_TouchJumpPad
0     ffb8 BG_TouchJumpPadTargetSpeed
0    10231 BG_TouchJumpPadVelocity
0    10467 BG_PlayerStateToEntityState
0    1078b BG_PlayerStateToEntityStateExtraPolate
0    10aad BG_Alloc
0    10aef BG_AllocUnaligned
0    10b22 BG_TempAlloc
0    10b5c BG_TempAllocTry
0    10b86 BG_TempFree
0    10bb5 BG_StringAlloc
0    10bdf BG_OutOfMemory
0    10bf1 BG_SwingAngles
0    10cf2 BG_AddPainTwitch
0    10d33 BG_G2PlayerAngles
0    10ed0 BG_DB_VerifyPassword
0    10fcc BG_InSpecialJump
0    1102e BG_InSaberStandAnim
0    11054 BG_InReboundJump
0    11073 BG_InReboundHold
0    1109d BG_InReboundRelease
0    110bc BG_InBackFlip
0    110d7 BG_DirectFlippingAnim
0    110f6 BG_SaberInAttack
0    11131 BG_SaberInSpecial
0    1115c BG_SaberInIdle
0    11179 BG_FlippingAnim
0    111c3 BG_SpinningSaberAnim
0    112bb BG_SaberInSpecialAttack
0    112f5 BG_BrokenParryForAttack
0    11333 BG_BrokenParryForParry
0    11392 BG_KnockawayForParry
0    113bb BG_InRoll
0    113e1 BG_InDeathAnim
0    11416 PM_SaberBounceForAttack
0    11450 PM_SaberDeflectionForQuad
0    11489 PM_SaberInDeflect
0    1149e PM_SaberInParry
0    114b3 PM_SaberInKnockaway
0    114c8 PM_SaberInReflect
0    114dd PM_SaberInStart
0    114f2 PM_SaberInReturn
0    1150c PM_InSaberAnim
0    11523 PM_InKnockDown
0    11550 PM_PainAnim
0    1156f PM_JumpingAnim
0    1158e PM_LandingAnim
0    115d5 PM_SpinningAnim
0    115e2 PM_InOnGroundAnim
0    1163f PM_InRollComplete
0    11665 PM_AnimLength
0    1168f PM_DebugLegsAnim
0    116d6 BG_AnimationOverrides
0    117ad BG_ParseAnimationFile
0    11997 PM_StartLegsAnim
0    119f6 PM_ContinueLegsAnim
0    11a16 PM_ForceLegsAnim
0    11a9a PM_StartTorsoAnim
0    11acf PM_SetLegsAnimTimer
0    11aed PM_SetTorsoAnimTimer
0    11b0b BG_SaberStartTransAnim
0    11b5a PM_SetAnimFinal
0    11e08 PM_SetAnim
0    11e87 PM_UpdateAntiLoop
0    11edd PM_BGEntForNum
0    11f15 PM_GrabWallForJump
0    11f38 PM_GetSaberStance
0    11f61 PM_DoSlowFall
0    11f84 PM_AddEvent
0    11f93 PM_AddEventWithParm
0    11fa3 PM_AddTouchEnt
0    11ff8 PM_ClipVelocityQ2
0    1207b PM_ClipVelocity
0    12117 PM_Friction
0    12297 PM_Accelerate
0    12327 PM_SickoAccelerate
0    123cf PM_QuaJKAccelerate
0    124b9 PM_DreamAccelerate
0    12724 PM_CmdScale
0    127ca PM_SetMovementDir
0    12916 PM_ForceJumpingUp
0    129df PM_JumpForDir
0    12a82 PM_SetPMViewAngle
0    12ac3 PM_AdjustAngleForWallRun
0    12cd5 BG_ForceWallJumpStrength
0    12cdd PM_AdjustAngleForWallJump
0    1305e PM_SetForceJumpZStart
0    13098 PM_SetGroundEntityNum
0    130c7 PM_CheckJump
0    1446a PM_CheckWaterJump
0    14551 PM_ForcePowerAvailable
0    1459e PM_ForcePowerUsable
0    14641 PM_ForceJumpCharge
0    14776 PM_GetVelocityForForceJump
0    1496e PM_ChargeForceJump
0    14abb PM_CheckChargeJump
0    14bb6 PM_WaterJumpMove
0    14bfa PM_WaterMove
0    14dda PM_FlyMove
0    14ea9 PM_AirMove
0    150e7 PM_WalkMove
0    154ae PM_DeadMove
0    15527 PM_NoclipMove
0    156ab PM_FootstepForSurface
0    156c4 PM_TryRoll
0    158da PM_CrashLand
0    15c12 PM_CorrectAllSolid
0    15cf7 PM_GroundTraceMissed
0    15e8e PM_GroundTrace
0    16150 PM_SetWaterLevel
0    1621d PM_CheckDuck
0    163f3 PM_Use
0    1643c PM_RunningAnim
0    1646a PM_Footsteps
0    16875 PM_WaterEvents
0    168cc PM_BeginWeaponChange
0    1694f PM_FinishWeaponChange
0    169a2 PM_DoChargedWeapons
0    16ea8 PM_ItemUsable
0    170e2 PM_Weapon
0    17acd PM_Animate
0    17b3e PM_DropTimers
0    17c75 PM_UpdateViewAngles
0    17d19 PM_AdjustAttackStates
0    180a4 BG_CmdForRoll
0    180f9 BG_AdjustClientSpeed
0    185a4 PM_CheckRollEnd
0    1887f PM_SetAnimAfterQ2
0    189e2 PM_SetModData
0    18a55 PmoveSingle
0    199a6 Pmove
0    19aad PMCSS_UpdateAntiLoop
0    19af5 PMCSS_AddTouchEnt
0    19b4a PMCSS_ClipVelocity
0    19bcd PMCSS_StepSlideMove_
0    19d65 PMCSS_StepSlideMove
0    19e3b PMCSS_Friction
0    19f20 PMCSS_Accelerate
0    19f8a PMCSS_AirAccelerate
0    19fff PMCSS_AddCurrents
0    1a087 PMCSS_WaterMove
0    1a128 PMCSS_AirMove
0    1a294 PMCSS_FancyGroundTrace
0    1a39f PMCSS_CatagorizePosition
0    1a5ac PMCSS_CheckJump
0    1a64e PMCSS_CheckSpecialMovement
0    1a70b PMCSS_FlyMove
0    1a8c7 smooth0To1
0    1a8e1 PMCSS_SetViewHeight
0    1a8fa PMCSS_CheckDuck
0    1a9c9 PMCSS_DeadMove
0    1aa15 PMCSS_GoodPosition
0    1aa87 PMCSS_InitialSnapPosition
0    1ab11 PMCSS_ClampAngles
0    1ab8f PMCSS_ScaleWishVel
0    1ac21 PMCSS_DropTimers
0    1aca2 PmoveCSS
0    1ae9b PMQ2_UpdateAntiLoop
0    1aee3 PMQ2_ClipVelocity
0    1af66 PMQ2_StepSlideMove_
0    1b15a PMQ2_StepSlideMove
0    1b230 PMQ2_Friction
0    1b315 PMQ2_Accelerate
0    1b37f PMQ2_AirAccelerate
0    1b3f4 PMQ2_AddCurrents
0    1b47c PMQ2_WaterMove
0    1b529 PMQ2_AirMove
0    1b6a0 PMQ2_CatagorizePosition
0    1b9bc PMQ2_CheckJump
0    1ba84 PMQ2_CheckSpecialMovement
0    1bb99 PMQ2_FlyMove
0    1bd61 PMQ2_CheckDuck
0    1be33 PMQ2_DeadMove
0    1be7f PMQ2_GoodPosition
0    1bef9 PMQ2_SnapPosition
0    1c033 PMQ2_InitialSnapPosition
0    1c0c3 PMQ2_ClampAngles
0    1c141 PmoveQ2
0    1c515 PM_irand_timesync
0    1c550 BG_GetMovePhysics
0    1c56c BG_ForcePowerDrain
0    1c63a BG_EnoughForcePowerForMove
0    1c651 PM_AttackMoveForQuad
0    1c686 PM_SaberAnimTransitionAnim
0    1c7dd PM_SaberMoveQuadrantForMovement
0    1c842 PM_SaberInBounce
0    1c867 PM_SaberInTransition
0    1c87c PM_SaberAttackChainAngle
0    1c8ac PM_SaberKataDone_1_02
0    1c915 PM_SaberKataDone
0    1ca64 PM_SetAnimFrame
0    1ca6e PM_SaberLockBreak
0    1cd71 PM_SaberLocked
0    1cfed PM_SaberInBrokenParry
0    1d016 PM_BrokenParryForParry
0    1d058 PM_CanBackstab
0    1d0d9 PM_SaberFlipOverAttackMove
0    1d200 PM_SomeoneInFront
0    1d290 PM_SaberLungeAttackMove
0    1d2da PM_SaberJumpAttackMove
0    1d342 PM_GroundDistance
0    1d3ab PM_SaberAttackForMovement
0    1d7af PM_WeaponLightsaber
0    1e0d9 PM_SetSaberMove
0    1e44c PM_GroundSlideOkay
0    1e48e PM_LimitedClipVelocity
0    1e61b PM_LimitedClipVelocity2
0    1e785 PM_Q2StepSlideMove_
0    1eac7 PM_Q2StepSlideMove
0    1ebf3 PM_CheckBounceJump
0    1ed12 PM_SlideMove
0    1f211 PM_PredictDeadRamp
0    1f3b3 PM_StepSlideMove
0    1f7c2 BG_Cmd_Argc
0    1f7c8 BG_Cmd_Argv
0    1f7dc BG_Cmd_Args
0    1f813 BG_Cmd_ArgsFrom
0    1f852 BG_Cmd_Cmd
0    1f857 BG_Cmd_ArgsBuffer
0    1f86a BG_Cmd_DropArg
0    1f8a4 BG_Cmd_TokenizeString2
0    1fa27 BG_Cmd_TokenizeString
0    1fa32 Cmd_TokenizeStringIgnoreQuotes
0    1fa3d G_UserCmdBuffer_NewFrame
0    1fa58 P_SetTwitchInfo
0    1fa9d P_DamageFeedback
0    1fbe1 P_WorldEffects
0    1fe1a DoImpact
0    200ce G_SetClientSound
0    200ff ClientImpacts
0    201a2 int_cmp
0    201c5 G_TouchTriggers
0    20942 G_MoverTouchPushTriggers
0    20af2 SpectatorThink
0    20c19 ClientInactivityTimer
0    20cbd ClientInactivitySpecTimerReset
0    20cf9 ClientInactivitySpecTimer
0    20e66 ClientCheckNotifyPhysicsFps
0    2104c ClientTimerActions
0    210ae ClientIntermissionThink
0    21109 ClientEvents
0    212d5 SendPendingPredictableEvents
0    2137c G_UpdateForceSightBroadcasts
0    2145a G_UpdateJediMasterBroadcasts
0    2153a G_UpdateIronmanBroadcasts
0    215e0 G_UpdateClientBroadcasts
0    21601 UpdateClientPastFpsStats
0    2177e GetUpdatedViewAngles
0    217d2 checkLaserpointerValid
0    21836 ClientLaserPointer
0    219ec ClientKillLaserPointer
0    21a30 HandleClientLaserPointer
0    21a5e G_MaybeSaveIronmanPos
0    21b83 ClientThink_real
0    23273 G_CheckClientTimeouts
0    2331c G_ResetUserCmdStore
0    2333d G_GetUserCmd
0    23632 ClientThink
0    237aa ForceClientUpdate
0    2385f G_RunClient
0    23d24 SpectatorClientEndFrame
0    23e2b ClientEndFrameRaceCritical
0    23eab ClientEndFrameServerFrame
0    23f59 ClientEndFrame
0    23f7b ClientEndFrameInClientThink
0    23f8e UpdateTournamentInfo
0    2417e trap_Cvar_VariableValue
0    24194 G_ParseInfos
0    243f6 G_LoadArenasFromFile
0    244aa G_GetMapTypeBits
0    2454c G_DoesMapSupportGametype
0    245c0 G_DoesMapHaveArena
0    24610 G_RefreshNextMap
0    24705 G_CheckMapHasArenaInfo
0    24752 arenasort
0    2476c G_IsMapBlacklisted
0    247a7 G_AddMapToBlacklist
0    24820 G_LoadMapBlacklist
0    2486f G_LoadMapBlacklists
0    249c6 G_BlacklistMap
0    24aa9 G_LoadArenas
0    24bd6 G_GetArenaInfoByMap
0    24c12 G_AddRandomBot
0    24d78 G_RemoveRandomBot
0    24dd3 G_CountHumanPlayers
0    24e23 G_CountBotPlayers
0    24e9d G_CheckMinimumPlayers
0    2501a G_CheckBotSpawn
0    25059 AddBotToSpawnQueue
0    25096 G_RemoveQueuedBotBegin
0    250ba G_BotConnect
0    2511c G_AddBot
0    25447 Svcmd_AddBot_f
0    254de Svcmd_BotList_f
0    25599 G_LoadBotsFromFile
0    25621 G_LoadBots
0    256b2 G_GetBotInfoByNumber
0    256dd G_GetBotInfoByName
0    25719 G_InitBots
0    25733 SP_info_player_deathmatch
0    257da SP_info_player_start
0    257f1 SP_info_player_imperial
0    25806 SP_info_player_rebel
0    2581b SP_info_player_intermission
0    2581e ThrowSaberToAttacker
0    259e5 JMSaberThink
0    25ae0 JMSaberTouch
0    25ca5 SP_info_jedimaster_start
0    25d5f SpotWouldTelefrag
0    25df2 WiggleSpotTelefrag
0    25eb6 SelectNearestDeathmatchSpawnPoint
0    25f18 SelectRandomDeathmatchSpawnPoint
0    25f79 SelectDefragSpawnPoint
0    260d1 SelectRandomFurthestSpawnPoint
0    262dc SelectSpawnPoint
0    262f2 SelectInitialSpawnPoint
0    2637c SelectSpectatorSpawnPoint
0    2638c InitBodyQue
0    263be InitPlayerStats
0    26414 BodySink
0    26446 CopyToBodyQue
0    2664e SetClientViewAngle
0    266fe respawn
0    26770 ClientRespawn
0    267af TeamCount
0    267f0 TeamLeader
0    26831 PickTeam
0    2686b ClientCleanName
0    2694e InitClanTagHashTable
0    26995 CheckIsClanTag
0    269d3 ApplyNameTag
0    26b7d SetupGameGhoul2Model
0    26d75 AcceptClientPhysicsFps
0    26e20 ValidateClientPhysicsFps
0    26e59 SetClientPhysicsFps
0    26f2a NameDedupe_SanitizeString
0    26f7c G_SetModelColor
0    2702d G_SetSaberName
0    27057 ClientUserinfoChanged
0    275e5 ClientPhysicsFpsChanged
0    27649 MV_SetClientIP
0    27702 ClientConnect
0    27a99 ClientBegin
0    27e7c AllForceDisabled
0    27ea3 G_CheckForCloserIronmanSpawn
0    280e1 ClientSpawn
0    28d07 ClientDisconnectFinish
0    28f52 ClientDisconnect
0    28f8b G_SendServerCommand
0    28fe5 G_CenterPrint
0    293c1 DefragDoubleTapSafety
0    29492 DeathmatchScoreboardMessage
0    2963b Cmd_Score_f
0    29644 CheatsOk
0    29698 ConcatArgs
0    29703 ConcatArgsQuoted
0    29784 SanitizeString
0    297d6 ClientNumberFromString
0    298a2 Cmd_Give_f
0    29b50 Cmd_God_f
0    29b97 Cmd_Notarget_f
0    29bde Cmd_Noclip_f
0    29c86 Cmd_Savepos_f
0    29d8e Cmd_Respos_f
0    29ec9 Cmd_LevelShot_f
0    29efa Cmd_TeamTask_f
0    29f51 Cmd_Kill_f
0    29fe4 G_GetDuelWinner
0    2a029 BroadcastTeamChange
0    2a13b G_ResetClientVote
0    2a19f SetTeam
0    2a49d StopFollowing
0    2a561 SlowVotingActive
0    2a567 Cmd_Help_f
0    2a7a5 Cmd_Team_f
0    2a8cb Cmd_Launch_f
0    2aab3 Cmd_ForceChanged_f
0    2ab41 Cmd_Ignore_f
0    2abb7 Cmd_Lasers_f
0    2abf0 Cmd_Solo_f
0    2ac29 Cmd_Register_f
0    2ad1c Cmd_ChangePassword_f
0    2ae31 Cmd_Login_f
0    2af5a Cmd_NameTag_f
0    2afed Cmd_ForceLogin_f
0    2b11f Cmd_Logout_f
0    2b188 Cmd_Amtele_f
0    2b2b4 atoi_real
0    2b2ec DF_PrintSubCoursesToPlayer
0    2b332 DF_PrintUnspecifiedCourseErrorToPlayer
0    2b35d Cmd_Time_f
0    2b387 Cmd_Top_f
0    2b61c Cmd_UpdateRanks_f
0    2b6c8 Cmd_MapRatings_f
0    2b6e8 Cmd_Maplist_f
0    2b858 Cmd_Latest_f
0    2ba83 Cmd_RateMap_f
0    2bc23 Cmd_MapSearch_f
0    2bf72 Cmd_Rank_f
0    2c07c Cmd_Rollympics_f
0    2c0b9 Cmd_Follow_f
0    2c189 Cmd_FollowCycle_f
0    2c26f G_SayTo
0    2c3aa G_Say
0    2c6dd Cmd_Say_f
0    2c720 Cmd_Tell_f
0    2c7d3 G_VoiceTo
0    2c849 G_Voice
0    2c8ad Cmd_GameCommand_f
0    2c922 Cmd_Where_f
0    2c946 G_ClientNumberFromName
0    2c988 SanitizeString2
0    2c9fe G_ClientNumberFromStrippedName
0    2ca40 Cmd_GenArena_f
0    2cad7 Cmd_Arenaless_f
0    2cc95 Cmd_BlacklistMap_f
0    2cd02 compareAfkCliientEntry
0    2cd0d Cmd_Afk_f
0    2cdf1 Cmd_Players_f
0    2cf70 G_SlowVoteProhibits
0    2cfdd Cmd_CallVote_f
0    2d98a Cmd_Vote_f
0    2dab6 Cmd_CallTeamVote_f
0    2de48 Cmd_TeamVote_f
0    2df7f Cmd_SetViewpos_f
0    2e01f Cmd_Stats_f
0    2e022 Cmd_Stay_f
0    2e06d G_ItemUsable
0    2e2ab Cmd_ToggleSaber_f
0    2e396 Cmd_SaberAttackCycle_f
0    2e406 G_OtherPlayersDueling
0    2e44d Cmd_EngageDuel_f
0    2e7bf StandardSetBodyAnim
0    2e7fb ClientCommand
0    2f6e1 G_CrossServerChatAll
0    2f7c5 G_CrossServerPrint
0    2f7ee G_CrossServerCommand
0    2f83b G_SendCrossServerCommand
0    2f84c ObjectDie
0    2f865 G_GetHitLocation
0    2fa84 ExplodeDeath
0    2fb16 ScorePlum
0    2fb4b AddScore
0    2fb99 TossClientWeapon
0    2fd42 TossClientItems
0    2fe91 LookAtKiller
0    2ff53 GibEntity
0    2ff73 BodyRid
0    2ff82 body_die
0    30066 CheckAlmostCapture
0    30069 G_InKnockDown
0    3008f G_CheckSpecialDeathAnim
0    3070f G_PickDeathAnim
0    30ab5 G_GetJediMaster
0    30afd player_die
0    3162f CheckArmor
0    316c5 G_ApplyKnockback
0    31862 RaySphereIntersections
0    31a0c LimbTouch
0    31a0f LimbThink
0    31a85 G_GetDismemberLoc
0    31d09 G_GetDismemberBolt
0    31f44 G_Dismember
0    32249 DismembermentTest
0    3226b DismembermentByNum
0    322c2 G_GetHitQuad
0    323ab G_CheckForDismemberment
0    32492 G_ThereIsAMaster
0    324cd G_Kill
0    3250a G_Damage
0    3324d CanDamage
0    33378 G_RadiusDamage
0    334f5 DF_InvalidateSpawn
0    3350a G_SendOrPrint
0    33531 G_BufferedSendOrPrint
0    33641 G_BufferedSendOrPrintFlush
0    336a9 G_BufferedSendOrPrintFlushIfNeeded
0    336fd G_SetupTempDemoSubfolderName
0    337ef DF_GetNewRunId
0    3381f DF_GetNewDemoId
0    3384f DF_SaveErrorDemo
0    3393e DF_PrePmoveValid
0    33989 DF_InTrigger
0    33a0b DF_InAnyTrigger
0    33ac1 DF_InterpolateTouchTimeToOldPosOld
0    33c6a DF_InterpolateTouchTimeToOldPos
0    33dcb DF_InterpolateTouchTimeToOldPosThisTriggerOld
0    33f4d DF_InterpolateTouchTimeToOldPosThisTrigger
0    34044 DF_InterpolateTouchTimeForStartTimerOld
0    34238 DF_InterpolateTouchTimeForStartTimer
0    34387 DF_HandleUnfinishedDemos
0    3440f DF_StartTimer_Leave
0    34a52 ValidRaceSettings
0    34ae9 PlayActualGlobalSound
0    34b1a DF_RemoveCheckPoints
0    34b74 DF_ClearCheckPointTimes
0    34bb7 df_checkCheckpointValid
0    34c43 df_createCheckpoint
0    34e0a DF_CloneCustomCheckpoint
0    34f83 GetClientNumArg
0    34fc0 DF_StealStyle
0    350a4 DF_StealSpawn
0    35181 DF_StealPos
0    35259 DF_StealCheckpoints
0    3530e DF_CreateCustomCheckpointFromPos
0    353f9 DF_CreateCustomCheckpoint
0    354db DF_FormatFpsString
0    355b7 DF_TopRequest
0    356c4 DF_UpdateRanks
0    357d6 DF_UpdateRanksMainRequest
0    3586b DF_TimeRequest
0    35965 DF_GetSegmentedRunnerCount
0    359b7 DF_GetCourseName
0    359fd DF_GetMainSubcourseName
0    35a3f DF_RequestPlayerDefaultTime
0    35a5c PrintRaceTime
0    3614b compareFpsEntry
0    3615f DF_MakeUsedFpsString
0    36236 DF_FillClientRunInfo
0    364a4 DF_RacePrintAppendage
0    3659d DF_FinishTimer_Touch
0    36b33 DF_CheckpointTimer_Touch
0    37096 DF_target_husk
0    37099 DF_RegisterSubCourse
0    37102 DF_trigger_start_converted
0    3712b DF_trigger_finish_converted
0    37169 DF_trigger_push_velocity_converted
0    371b1 DF_trigger_checkpoint_converted
0    371e6 DF_trigger_start
0    37236 DF_trigger_finish
0    3728d DF_trigger_checkpoint
0    372db G_Q3DefragTriggerConvert
0    37b64 G_ConvertDefragTriggerTypes
0    3809f ResetPhysicsFpsStuff
0    380d0 ClientSetModeReal
0    381e1 GetDefaultPlayerMode
0    38220 SetClientMode
0    38348 ClientModeValid
0    38397 ClientSetDefaultMode
0    383b3 ResetClientModeIfInvalid
0    38423 Cmd_Race_f
0    38437 Cmd_Mode_f
0    3849d Cmd_ModeCmd_f
0    38503 ResetSpecificPlayerTimers
0    38605 DF_ResetSegmentedRun
0    38624 DF_SegmentedRunStatusInvalidated
0    3866b DF_RaceStateInvalidated
0    38696 MovementStyleAllowsJumpChange
0    3869b Cmd_JumpChange_f
0    38803 ShouldNotCollide
0    38b6d JP_TraceReal
0    38c77 JP_Trace
0    38ca0 JP_TracePrecise
0    38cc8 JP_TraceCustomEpsilon
0    38cee JP_TraceCustomEpsilonQ2
0    38d16 JP_TraceCustomEpsilonQ2Lite
0    38d3e CG_AdjustPositionForClientTimeMover
0    38e50 PlayerSnapshotHackValues
0    39287 PlayerSnapshotRestoreValues
0    39310 DF_SetMapDefaults
0    3938f DF_LoadMapDefaults
0    393d9 Cmd_DF_MapDefaults_f
0    39842 Cmd_DF_RestartSegmentedRun_f
0    3988b Cmd_DF_RunSettings_f
0    39b27 UpdateClientRaceVars
0    39ccc Cmd_ToggleFPS_f
0    39d53 Cmd_FloatPhysics_f
0    39de3 DF_ClientInSegmentedRunMode
0    39e0b DF_PreDeltaAngleChange
0    39e2a DF_PostDeltaAngleChange
0    39efb SavePosition
0    3a1f9 RestorePosition
0    3adf4 DF_StartSegmentedReplay
0    3ae6d DF_GetPositionHash
0    3aeef DF_HandleSegmentedRunPre
0    3b429 DF_GetRunFlags
0    3b454 DF_CarryClientOverToNewRaceStyle
0    3b5da Cmd_MovementStyle_f
0    3b7be DF_SaveSpawn
0    3b95d DF_SelectSpawn
0    3bb0e DF_ResetSpawn
0    3bb75 lowerString
0    3bb9c JP_ClientNumberFromString
0    3bddd DF_SetSubContestDefaults
0    3be17 DF_RequestSubContestLeaderboard
0    3be8e DF_SetPlayerSubContestValue
0    3bffa DF_CheckRollSpeed
0    3c11b DF_KeepClientZombie
0    3c1b7 Q3R_Touch_StartFinish
0    3c1c1 Q3R_Think_StartFinish
0    3c1c4 Q3R_SP_rally_startfinish
0    3c1dd Q3R_Touch_Checkpoint
0    3c1e7 Q3R_Think_Checkpoint
0    3c1ea Q3R_SP_rally_checkpoint
0    3c204 SP_HoldableMedkit
0    3c220 DF_InvalidateRunsByStyle
0    3c26a DF_CheckRaceCvarChanges
0    3c299 DB_VerifyClient
0    3c2ec G_DB_VerifyUsername
0    3c48b G_DB_GetChatsResponse
0    3c4d9 G_RegisterContinue
0    3c587 G_ChangePasswordContinue
0    3c605 G_RegisterResult
0    3c678 G_ChangePasswordResult
0    3c6dd G_LoginFetchDataResult
0    3c7d0 G_GenerateRunDemoName
0    3c86b G_InsertRunResult
0    3c9c2 G_InsertSubcontestResult
0    3cad7 G_InsertMapDefaultsResult
0    3cb43 G_LoadMapDefaultsResult
0    3cc15 G_SaveCheckpointsResult
0    3ccb6 G_LoadCheckpointsResult
0    3cd7b G_TopMapSearchResult
0    3cf78 G_ArenaGenMapListResult
0    3cff7 G_TopResult
0    3e078 G_RankUpdateResult
0    3e150 G_RankUpdateMapLatestSetResult
0    3e1b1 G_LatestRunsResult
0    3e515 G_RankUpdateMapRequestResult
0    3e6dc G_ShortestLongestResult
0    3ee2f G_RankResult
0    3ef8a G_RateMapResult
0    3f036 G_RateMapShowMineResult
0    3f0f6 G_MapListUnplayedResult
0    3f235 G_SubContestLBResult
0    3f3a9 G_TimeResult
0    3f570 G_LoginContinue
0    3f642 G_ForceLoginContinue
0    3f79d G_CreateTableResult
0    3f7c1 G_UpdateColumnsResult
0    3f7e5 G_PWBCryptReturned
0    3f87a G_DB_CheckResponses
0    3fa1a G_DB_SaveUserCheckpoints
0    3fb68 G_DB_LoadUserCheckpoints
0    3fbfa G_CreateUserTable
0    3fc1e G_CreateCheckpointsTable
0    3fc39 G_CreateSubContestsTable
0    3fc54 G_CreateMapRaceDefaultsTable
0    3fc6f G_CreateMapRatingsTable
0    3fc8a G_CreateMetaTable
0    3fca5 G_CreateRunsTable
0    3fccf G_DB_CreateTables
0    3fce7 G_DB_Init
0    3fcfb G_InsertRun
0    40170 G_COOL_API_DB_EscapeString
0    40188 G_COOL_API_DB_AddRequest
0    401a6 G_COOL_API_DB_AddRequestTyped
0    401c7 G_COOL_API_DB_NextResponse
0    401ee G_COOL_API_DB_GetReference
0    40206 G_COOL_API_DB_NextRow
0    40218 G_COOL_API_DB_GetInt
0    4022d G_COOL_API_DB_GetFloat
0    40243 G_COOL_API_DB_GetString
0    4025e G_COOL_API_DB_AddPreparedStatement
0    4027c G_COOL_API_DB_PreparedBindString
0    40291 G_COOL_API_DB_PreparedBindFloat
0    402a6 G_COOL_API_DB_PreparedBindInt
0    402bb G_COOL_API_DB_PreparedBindBinary
0    402d3 G_COOL_API_DB_FinishAndSendPreparedStatement
0    402e5 G_COOL_API_DB_GetBinary
0    40300 G_COOL_API_DB_PreparedBindNull
0    40312 G_COOL_API_DB_GetMoreResults
0    40327 getDefaultMapRaceStyle
0    40347 getLeaderboardSQLConditions
0    40727 classifyLeaderBoard
0    407a9 RaceStyleIsMainLeaderboard
0    4080d RunFlagsToString
0    408b4 RaceNameToInteger
0    409c5 LeaderboardNameToInteger
0    40a56 PlayerModeNameToInteger
0    40ad2 MovementStyleAllowsWeapons
0    40ad7 MovementStyleDisabledRunFlags
0    40b1a MovementStyleHasQuake2Ramps
0    40b37 MovementStyleHasVQ3OnlyJumppads
0    40b54 MovementStyleHasCPMOnlyJumppads
0    40b71 MovementIsQuake3Based
0    40b8a MovementOverbounceFactor
0    40bba DF_MsToString
0    40c1e DF_DemoRaceStyleNamePart
0    40cad multiva
0    40cdc miniva
0    40d0b InitFpsTable
0    40d78 DF_AntiLoop_NewAngle
0    40dee adjustRespawnTime
0    40e4f ShieldRemove
0    40e72 ShieldThink
0    40e9f ShieldDie
0    40eb3 ShieldPain
0    40ed6 ShieldGoSolid
0    40f77 ShieldGoNotSolid
0    40fba ShieldTouch
0    41009 CreateShield
0    41258 PlaceShield
0    41425 ItemUse_Binoculars
0    414d0 ItemUse_Shield
0    414d9 SentryTouch
0    414dc pas_fire
0    41558 G_SetEnemy
0    4156b pas_find_enemies
0    41708 pas_adjust_enemy
0    417d7 sentryExpire
0    417ee pas_think
0    41bc3 turret_die
0    41c6b SP_PAS
0    41cf6 ItemUse_Sentry
0    41ebf ItemUse_Seeker
0    41f27 ItemUse_MedPack
0    41fc5 Pickup_Powerup
0    4214d Pickup_Holdable
0    421be Add_Ammo
0    42214 Pickup_Ammo
0    4225f Pickup_Weapon
0    4235d Pickup_Health
0    423fd Pickup_Armor
0    42469 RespawnItem
0    4254a Touch_Item
0    42a1b LaunchItem
0    42bbf Drop_Item
0    42c44 Use_Item
0    42c4d FinishSpawningItem
0    42eae G_CheckTeamItems
0    42f04 ClearRegisteredItems
0    42f34 RegisterItem
0    42f4c SaveRegisteredItems
0    42f94 G_ItemDisabled
0    42fad G_SpawnItem
0    43051 G_BounceItem
0    43246 G_RunItem
0    4331a G_LogWeaponInit
0    43377 G_LogWeaponPickup
0    43397 G_LogWeaponFire
0    433fd G_LogWeaponDamage
0    43424 G_LogWeaponKill
0    4344a G_LogWeaponFrag
0    43479 G_LogWeaponDeath
0    4349f G_LogWeaponPowerup
0    434c5 G_LogWeaponItem
0    434eb G_LogWeaponOutput
0    44383 CalculateEfficiency
0    44411 CalculateSharpshooter
0    4449b CalculateUntouchable
0    444e6 CalculateLogistics
0    445bf CalculateTactician
0    44735 CalculateDemolitionist
0    44814 CalculateStreak
0    44819 CalculateTeamMVP
0    4488f CalculateTeamMVPByRank
0    4491d CalculateTeamDefender
0    44993 CalculateTeamWarrior
0    44a09 CalculateTeamCarrier
0    44a7f CalculateTeamInterceptor
0    44b02 CalculateTeamRedShirt
0    44b85 CalculateTeamAward
0    44c00 CalculateSection31Award
0    44c5c CalculateAwards
0    44e0f GetMaxDeathsForClient
0    44e55 GetMaxKillsForClient
0    44e9b GetFavoriteTargetForClient
0    44ee8 GetWorstEnemyForClient
0    44f4b GetFavoriteWeaponForClient
0    44fd3 G_ClearClientLog
0    450ed G_Alloc
0    45134 G_InitMemory
0    4513a Svcmd_GameMem_f
0    45147 SP_info_camp
0    45159 SP_info_null
0    45162 SP_info_notnull
0    45174 SP_light
0    4517d TeleportPlayer
0    452ef SP_misc_teleporter_dest
0    452f2 SP_misc_model
0    452fb SP_misc_G2model
0    45304 locateCamera
0    45405 SP_misc_portal_surface
0    45477 SP_misc_portal_camera
0    454cd HolocronRespawn
0    454e0 HolocronPopOut
0    4557c HolocronTouch
0    45755 HolocronThink
0    45a3c SP_misc_holocron
0    45be6 Use_Shooter
0    45ce0 InitShooter_Finish
0    45d08 InitShooter
0    45d76 SP_shooter_blaster
0    45d81 check_recharge
0    45dc0 EnergyShieldStationSettings
0    45df5 shield_power_converter_use
0    45ef9 SP_misc_shield_floor_unit
0    46065 SP_misc_model_shield_power_converter
0    4612b EnergyAmmoStationSettings
0    46147 ammo_power_converter_use
0    46246 SP_misc_model_ammo_power_converter
0    462ff EnergyHealthStationSettings
0    4631b health_power_converter_use
0    463c4 SP_misc_model_health_power_converter
0    4647d DmgBoxHit
0    46480 DmgBoxUpdateSelf
0    46517 DmgBoxAbsorb_Die
0    46520 DmgBoxAbsorb_Pain
0    46529 CreateNewDamageBox
0    465a8 ATST_ManageDamageBoxes
0    46778 G_PlayerBecomeATST
0    467ef fx_runner_think
0    4683d fx_runner_use
0    46886 fx_runner_link
0    46979 SP_fx_runner
0    46a88 ExampleAnimEntCustomData
0    46abb ExampleAnimEntCustomDataExists
0    46b13 ExampleAnimEntCustomDataEntry
0    46c52 AnimEntCustomSoundPrecache
0    46d33 ExampleAnimEntCustomSound
0    46eab ExampleAnimEntAlignment
0    46eed ExampleAnimEntAlertOthers
0    46f88 ExampleAnimEnt_Die
0    471a6 ExampleAnimEnt_Pain
0    4733a ExampleAnimEntTouch
0    4733d ExampleAnimEntMove
0    47547 ExampleAnimEntYaw
0    475a5 ExampleAnimEntLook
0    4760f ExampleAnimEntClearLOS
0    476cd ExampleAnimEntWeaponHandling
0    47789 ExampleAnimEntWayValidCheck
0    477ff ExampleAnimEntNavigation
0    4794d ExampleAnimEntEnemyHandling
0    47d75 ExampleAnimEntUpdateSelf
0    48422 G_SpawnExampleAnimEnt
0    48786 AESpawner_CountAnimEnts
0    487ed AESpawner_NoClientInPVS
0    4882e AESpawner_PassAnimEntPVSCheck
0    48886 AESpawner_Think
0    4895a SP_misc_animent_spawner
0    48bbe Use_Target_Screenshake
0    48beb SP_target_screenshake
0    48c24 Use_Target_Escapetrig
0    48cd6 SP_target_escapetrig
0    48d03 G_CreateExampleAnimEnt
0    48df2 G_ReflectMissile
0    49063 G_DeflectMissile
0    4917f G_BounceMissile
0    49374 G_ExplodeMissile
0    49442 G_RunStuckMissile
0    494c3 G_BounceProjectile
0    49582 CreateMissile
0    49682 G_MissileImpact
0    49cb1 G_RunMissile
0    49ee1 G_ClearEntityActivator
0    49f75 G_ClearActivatedEntities
0    49fa2 G_ResetActivatorTimeDelta
0    49fd5 G_SetActivator
0    4a032 G_TestEntityPosition
0    4a0b9 G_CreateRotationMatrix
0    4a0db G_TransposeMatrix
0    4a11c G_RotatePoint
0    4a188 G_TryPushingEntity
0    4a48e G_MoverPush
0    4a813 G_MoverTeam
0    4a9fa G_RunMover
0    4aa2b SetMoverState
0    4abc6 MatchTeam
0    4abe6 ReturnToPos1
0    4ac2b Reached_BinaryMover
0    4ad64 Use_BinaryMover
0    4af1c InitMover
0    4b0bd Blocked_Door
0    4b210 Touch_DoorTriggerSpectator
0    4b30f Touch_DoorTrigger
0    4b361 Think_SpawnNewDoorTrigger
0    4b4dc Think_MatchTeam
0    4b54e SP_func_door
0    4b7ce Touch_Plat
0    4b8ae Touch_PlatCenterTrigger
0    4b951 SpawnPlatTrigger
0    4ba41 SP_func_plat
0    4bbb4 Touch_Button
0    4bbd7 SP_func_button
0    4bd5b Think_BeginMoving
0    4bdc7 Reached_Train
0    4bf08 Think_SetupTrainTargets
0    4bfbf SP_path_corner
0    4bfe0 SP_func_train
0    4c0d1 SP_func_static
0    4c104 SP_func_rotating
0    4c1aa SP_func_bobbing
0    4c25c SP_func_pendulum
0    4c315 BreakableBrushDie
0    4c415 BreakableBrushPain
0    4c418 BrushThink
0    4c43b BreakableBrushUse
0    4c4c3 SP_func_breakable
0    4c6a4 GlassDie
0    4c74a GlassDie_Old
0    4c7bb GlassPain
0    4c7be GlassUse
0    4c8b3 SP_func_glass
0    4c940 func_wait_return_solid
0    4ca2c func_usable_think
0    4ca52 func_usable_use
0    4cb7b func_usable_pain
0    4cb96 func_usable_die
0    4cbb3 SP_func_usable
0    4cc5c pitch_roll_for_slope
0    4cddd G_BounceObject
0    4cf1c G_RunObject
0    4d249 G_StopObjectMoving
0    4d288 G_StartObjectMoving
0    4d2e7 InitSagaMode
0    4d3c0 UseSagaTarget
0    4d444 SagaBroadcast_OBJECTIVECOMPLETE
0    4d485 SagaBroadcast_ROUNDOVER
0    4d4bf BroadcastObjectiveCompletion
0    4d506 AddSagaWinningTeamPoints
0    4d563 SagaRoundComplete
0    4d5bd SagaObjectiveCompleted
0    4d61f StripTabs
0    4d65f sagaTriggerUse
0    4d765 SP_info_saga_objective
0    4d7b8 G_WriteClientSessionData
0    4d8d7 G_ReadSessionData
0    4da12 MV_ReadSessionData
0    4da58 G_InitSessionData
0    4db69 G_InitWorldSession
0    4db8c G_WriteSessionData
0    4dbc7 G_SpawnString
0    4dc0b G_SpawnFloat
0    4dc2d G_SpawnInt
0    4dc4f G_SpawnVector
0    4dc7e SP_item_botroam
0    4dc81 spawncmp
0    4dc92 G_IsLogicalEntity
0    4dce1 G_CallSpawn
0    4dd60 G_NewString
0    4dde4 G_ParseField
0    4decc G_SpawnGEntityFromSpawnVars
0    4e05b G_AddSpawnVarToken
0    4e09c G_ParseSpawnVars
0    4e12c SP_worldspawn
0    4e35f G_SpawnEntitiesFromString
0    4e392 StringToFilter
0    4e43b UpdateIPBans
0    4e49c G_FilterPacket
0    4e547 AddIP
0    4e59d G_ProcessIPBans
0    4e5f3 SvCmd_TestTrace_f
0    4e724 Svcmd_AddIP_f
0    4e744 Svcmd_RemoveIP_f
0    4e7ac Svcmd_EntityInfo_f
0    4e830 Svcmd_EntityList_f
0    4e910 ClientForString
0    4e9a7 Svcmd_ForceTeam_f
0    4e9dd Svcmd_NumBehavior_f
0    4ec3c Svcmd_ResetScores_f
0    4ece6 ConsoleCommand
0    4ee0f Use_Target_Give
0    4ee69 SP_target_give
0    4ee72 Use_target_remove_powerups
0    4eebe SP_target_remove_powerups
0    4eec7 Think_Target_Delay
0    4eeda Use_Target_Delay
0    4ef57 SP_target_delay
0    4ef8a Use_Target_Score
0    4f020 SP_target_score
0    4f036 DF_target_fragsFilter_use
0    4f12f DF_target_fragsFilter
0    4f150 DF_target_speed_husk
0    4f16a Use_Target_Print
0    4f1fe SP_target_print
0    4f207 Use_Target_Speaker
0    4f286 SP_target_speaker
0    4f368 target_laser_think
0    4f4c4 target_laser_on
0    4f4e1 target_laser_off
0    4f4f0 target_laser_use
0    4f511 target_laser_start
0    4f5a2 SP_target_laser
0    4f5bf target_teleporter_use
0    4f620 SP_target_teleporter
0    4f647 target_relay_use
0    4f6ef SP_target_relay
0    4f703 target_kill_markcallers
0    4f76a target_kill_use
0    4f78b SP_target_kill
0    4f7aa SP_target_position
0    4f7bc target_location_linkup
0    4f82c SP_target_location
0    4f84d Team_InitGame
0    4f874 OtherTeam
0    4f88a TeamName
0    4f8a7 OtherTeamName
0    4f8c4 TeamColorString
0    4f8e1 PrintCTFMessage
0    4f93c AddTeamScore
0    4f9c7 OnSameTeam
0    4fa53 Team_SetFlagStatus
0    4fab7 Team_CheckDroppedItem
0    4faf1 Team_ForceGesture
0    4fb36 Team_FragBonuses
0    5010e Team_CheckHurtCarrier
0    50210 Team_ResetFlag
0    50278 Team_ResetFlags
0    5028d Team_ReturnFlagSound
0    502ca Team_TakeFlagSound
0    50339 Team_CaptureFlagSound
0    50376 Team_ReturnFlag
0    50399 Team_FreeEntity
0    503cd Team_DroppedFlagThink
0    5040e Team_TouchOurFlag
0    50742 Team_TouchEnemyFlag
0    50792 Pickup_Team
0    50810 Team_GetLocation
0    5088a Team_GetLocationMsg
0    508f1 SelectRandomTeamSpawnPoint
0    509a4 SelectCTFSpawnPoint
0    50a21 SelectSagaSpawnPoint
0    50a9e SortClients
0    50aa9 TeamplayInfoMessage
0    50c0c CheckTeamStatus
0    50cc1 SP_team_CTF_redplayer
0    50cc4 SP_team_CTF_blueplayer
0    50cc7 SP_team_CTF_redspawn
0    50cca SP_team_CTF_bluespawn
0    50ccd InitTrigger
0    50d2c multi_wait
0    50d35 multi_trigger
0    50fed Use_Multi
0    50ff9 Touch_Multi
0    5100e SP_trigger_multiple
0    51091 trigger_always_think
0    510a7 SP_trigger_always
0    510b9 trigger_push_touch
0    5117f trigger_push_velocity_touch_wait
0    51188 trigger_push_velocity_touch
0    51395 AimAtTarget
0    514ab SP_trigger_push
0    51504 SP_trigger_push_velocity
0    51596 Use_target_push
0    51654 SP_target_push
0    5170b trigger_teleporter_setupdefaulttarget
0    51756 trigger_teleporter_touch
0    517dd SP_trigger_teleport
0    51847 hurt_use
0    5188d hurt_touch
0    51a9c SP_trigger_hurt
0    51b12 func_timer_think
0    51b6b func_timer_use
0    51b8c SP_func_timer
0    51c13 AddRemap
0    51c88 BuildShaderStateConfig
0    51cce G_FindConfigstringIndex
0    51d3a G_SkinIndex
0    51d4d G_ModelIndex
0    51d60 G_SoundIndex
0    51d73 G_EffectIndex
0    51d86 G_TeamCommand
0    51dc6 G_GetClassNameHash
0    51dd5 G_FindByClassName
0    51e18 G_FindByClassNameFast
0    51e63 G_Find
0    51efe G_RadiusList
0    5201e G_PickTarget
0    52096 G_UseTargets
0    52135 tv
0    52163 vtos
0    5219f G_SetMovedir
0    521f4 G_InitGentity
0    52231 generateHashValue
0    52295 G_UnlistFromHashTable
0    52337 G_SetClassName
0    523ec G_SpawnReal
0    5257e G_Spawn
0    5258a G_SpawnAfter
0    52597 G_SpawnLogical
0    5261a G_EntitiesFree
0    52645 G_SendG2KillQueue
0    52689 G_KillG2Queue
0    526b7 G_FreeEntity
0    52796 G_TempEntity
0    527e6 GetTrackerEnt
0    5281c G_SoundTempEntity
0    52872 G_KillBox
0    52962 G_AddPredictableEvent
0    5297d G_AddEvent
0    52a62 G_PlayEffect
0    52a8a G_ScreenShake
0    52ada G_MuteSound
0    52b1e G_Sound
0    52bf1 G_SoundAtLoc
0    52c08 G_EntitySound
0    52c30 ValidUseTarget
0    52c4d TryUse
0    52d01 G_PointInBounds
0    52d41 G_BoxInBounds
0    52df4 G_SetAngles
0    52e0c G_ClearTrace
0    52e3d G_SetOrigin
0    52e7c DebugLine
0    52f7f G_ROFF_NotetrackCallback
0    53032 touch_NULL
0    53035 W_TraceSetStart
0    530f7 WP_FireBryarPistol
0    53209 WP_FireTurretMissile
0    53262 WP_FireGenericBlasterMissile
0    532ad WP_FireBlasterMissile
0    53307 WP_FireEmplacedMissile
0    5336e WP_FireBlaster
0    533c5 WP_DisruptorMainFire
0    53647 WP_DisruptorAltFire
0    53aa1 WP_FireDisruptor
0    53afb WP_BowcasterAltFire
0    53b9f WP_BowcasterMainFire
0    53d3b WP_FireBowcaster
0    53d50 WP_RepeaterMainFire
0    53d99 WP_RepeaterAltFire
0    53e3d WP_FireRepeater
0    53e97 WP_DEMP2_MainFire
0    53f15 DEMP2_AltRadiusDamage
0    5417e DEMP2_AltDetonate
0    541ff WP_DEMP2_AltFire
0    54334 WP_FireDEMP2
0    54349 WP_FlechetteMainFire
0    54452 RemoveLaserTraps
0    54489 DeletePlayerProjectiles
0    544c0 prox_mine_think
0    5454e WP_TraceSetStart
0    54606 WP_ExplosiveDie
0    5460f WP_flechette_alt_blow
0    5462a WP_CreateFlechetteBouncyThing
0    546ff WP_FlechetteAltFire
0    54776 WP_FireFlechette
0    5478b rocketThink
0    54a0c WP_FireRocket
0    54b6e thermalDetonatorExplode
0    54c4c thermalThinkStandard
0    54c73 WP_FireThermalDetonator
0    54e41 WP_DropThermal
0    54e61 laserTrapExplode
0    54eeb laserTrapDelayedExplode
0    54f0a touchLaserTrap
0    54f71 laserTrapThink
0    55038 laserTrapStick
0    5514b TrapThink
0    5515d CreateLaserTrap
0    55302 WP_PlaceLaserTrap
0    55425 VectorNPos
0    5548c charge_stick
0    55776 DetPackBlow
0    557df DetPackPain
0    55832 DetPackDie
0    55885 drop_charge
0    55ab9 BlowDetpacks
0    55b3b RemoveDetpacks
0    55b85 CheatsOn
0    55b92 WP_DropDetPack
0    55cc3 WP_FireStunBaton
0    55e7b SnapVectorTowards
0    55ec4 LogAccuracyHit
0    55f13 CalcMuzzlePoint
0    56048 CalcMuzzlePointOrigin
0    560d2 FireWeapon
0    562a4 AnimEntCalcMuzzlePoint
0    56388 AnimEntFireWeapon
0    56458 WP_FireEmplaced
0    5655c emplaced_gun_use
0    56791 emplaced_gun_realuse
0    5679f emplaced_gun_pain
0    567a9 emplaced_gun_update
0    56add emplaced_gun_die
0    56afe SP_emplaced_gun
0    56c7c Q_rand
0    56c91 Q_random
0    56ca3 Q_crandom
0    56cb4 VectorCompare
0    56cec VectorLength
0    56d1f VectorLengthSquared
0    56d4b Distance
0    56d8c DistanceSquared
0    56dda VectorNormalizeFast
0    56e39 VectorInverse
0    56e61 CrossProduct
0    56eda ClampChar
0    56ef1 ClampShort
0    56f08 DirToByte
0    56f63 ByteToDir
0    56f81 ColorBytes3
0    56ff0 ColorBytes4
0    57082 NormalizeColor
0    570f8 PlaneFromPoints
0    571b6 RotatePointAroundVector
0    572c1 RotateAroundDirection
0    57305 vectoangles
0    573c1 AnglesToAxis
0    573f6 AxisClear
0    5742d AxisCopy
0    57451 ProjectPointOnPlane
0    5750c MakeNormalVectors
0    575b7 VectorRotate
0    57654 Q_rsqrt
0    57687 ET_asin
0    576b7 Q_fabs
0    576c7 intfloat
0    576d1 floatint
0    576db LerpAngle
0    5770c AngleSubtract
0    57731 AnglesSubtract
0    5777f AngleMod
0    57791 AngleNormalize360
0    5779f AngleNormalize180
0    577ba AngleDelta
0    577ca SetPlaneSignbits
0    577f7 BoxOnPlaneSide
0    57bb8 RadiusFromBounds
0    57c0b ClearBounds
0    57c42 AddPointToBounds
0    57cdb VectorNormalize
0    57d4b VectorNormalize2
0    57dd9 _VectorMA
0    57e1b _DotProduct
0    57e50 _VectorSubtract
0    57e89 _VectorAdd
0    57ec2 _VectorCopy
0    57ee9 _VectorScale
0    57f19 Vector4Scale
0    57f5b Q_log2
0    57f7a MatrixMultiply
0    5814f AngleVectors
0    58247 PerpendicularVector
0    582b3 Rand_Init
0    582ba flrand
0    582fe irand
0    58339 JK2_powf
0    5835c Q_pown
0    583a2 clampedIntMult
0    583e4 clampedIntAdd
0    58413 GetIDForString
0    58458 GetStringForID
0    58494 Com_Clamp
0    584ae Com_Clampi
0    584c8 COM_SkipPath
0    584ec COM_StripExtension
0    58537 COM_DefaultExtension
0    5857f ShortSwap
0    5859f ShortNoSwap
0    585aa LongSwap
0    585dd LongNoSwap
0    585e3 Long64Swap
0    58620 Long64NoSwap
0    58628 FloatSwap
0    5863e FloatNoSwap
0    58645 COM_BeginParseSession
0    58657 COM_GetCurrentParseLine
0    5865d COM_Parse
0    5866c COM_ParseError
0    5868e COM_ParseWarning
0    586b0 SkipWhitespace
0    586e7 COM_Compress
0    5883a COM_ParseExt
0    5897f COM_ParseString
0    589a0 COM_ParseInt
0    589cd COM_ParseFloat
0    589fa COM_ParseVec4
0    58a27 COM_MatchToken
0    58a50 SkipBracedSection
0    58a8e SkipRestOfLine
0    58ac6 Parse1DMatrix
0    58b05 Parse2DMatrix
0    58b40 Parse3DMatrix
0    58b85 Q_isprint
0    58b9a Q_islower
0    58baf Q_isupper
0    58bc4 Q_isalpha
0    58be5 Q_strrchr
0    58c19 Q_strncpyz
0    58c54 Q_strnncpyz
0    58c96 Q_stricmpn
0    58d21 Q_strncmp
0    58d73 Q_stricmp
0    58d9b Q_strlwr
0    58dc1 Q_strupr
0    58de7 Q_strcat
0    58e13 Q_PrintStrlen
0    58ec3 Q_CleanStr
0    58f9c Q_CleanAsciiStr
0    58fdb Q_StripColor
0    5906f Q_strstrip
0    59109 Q_strchrs
0    59144 Com_sprintf
0    59185 va
0    591b4 Info_ValueForKey
0    5929d Info_HasKey
0    59353 Info_NextPair
0    593f1 Info_RemoveKey
0    594cd Info_RemoveKey_Big
0    595a9 Info_Validate
0    595d0 Info_SetValueForKey
0    596f8 Info_SetValueForKey_Big
0    597c2 Q_irand
0    597e3 Q_irandExpectedIf
0    59811 sanitizeFilename
0    598fa safeatoi
0    59a57 colorToHex
0    59a9f parseHex
0    59b5c G_PreDefSound
0    59b7d InFront
0    59bf7 WP_InitForcePowers
0    5a398 WP_SpawnInitForcePowers
0    5a5bc ForcePowerUsableOn
0    5a711 WP_ForcePowerAvailable
0    5a764 WP_ForcePowerInUse
0    5a77c WP_ForcePowerUsable
0    5a911 WP_AbsorbConversion
0    5aa27 WP_ForcePowerRegenerate
0    5aa7f WP_ForcePowerStart
0    5adce ForceHeal
0    5af16 WP_AddToClientBitflags
0    5af7b ForceTeamHeal
0    5b1c0 ForceTeamForceReplenish
0    5b3a1 ForceGrip
0    5b5a6 ForceSpeed
0    5b662 ForceSeeing
0    5b70b ForceProtect
0    5b7d8 ForceAbsorb
0    5b8a5 ForceRage
0    5b98c ForceLightning
0    5ba44 ForceLightningDamage
0    5bcdc ForceShootLightning
0    5c017 ForceDrain
0    5c0cf ForceDrainDamage
0    5c418 ForceShootDrain
0    5c7a2 ForceJumpCharge
0    5c962 WP_GetVelocityForForceJump
0    5cb8e ForceJump
0    5ccf3 WP_AddAsMindtricked
0    5cd58 ForceTelepathy
0    5d1ce GEntity_UseFunc
0    5d1e5 CanCounterThrow
0    5d289 G_InGetUpAnim
0    5d2c8 G_LetGoOfWall
0    5d367 ForceThrow
0    5e468 WP_ForcePowerStop
0    5e736 DoGripAction
0    5ed5a G_IsMindTricked
0    5edc1 RemoveTrickedEnt
0    5ee2a WP_UpdateMindtrickEnts
0    5efae WP_ForcePowerRun
0    5f3d2 WP_DoSpecificPower
0    5f5e7 FindGenericEnemyIndex
0    5f71f SeekerDroneUpdate
0    5fb71 HolocronUpdate
0    5fd08 JediMasterUpdate
0    5fe06 WP_HasForcePowers
0    5fe40 WP_ForcePowersUpdate
0    60a08 Jedi_DodgeEvasion
0    60bbc RandFloat
0    60bd6 SaberUpdateSelf
0    60cea SaberGotHit
0    60d08 WP_SaberInitBladeData
0    60e1a G_G2ClientSpineAngles_1_02
0    610f0 G_G2ClientSpineAngles
0    612ca G_G2PlayerAngles
0    6166a SaberAttacking
0    6171f WP_SabersCheckLock2
0    61b53 WP_SabersCheckLock
0    62271 G_GetParryForBlock
0    622b2 WP_GetSaberDeflectionAngle
0    6283d G_KnockawayForParry
0    62866 G_GetAttackDamage
0    6293b G_GetAnimPoint
0    629d6 G_ClientIdleInWorld
0    62a3c G_G2TraceCollide
0    62b99 G_SaberInBackAttack
0    62bb4 CheckSaberDamage_1_02
0    635c9 CheckSaberDamage
0    649b1 CheckThrownSaberDamaged
0    64f0d saberCheckRadiusDamage
0    64fb2 saberMoveBack
0    64fe2 SaberBounceSound
0    64ff8 DeadSaberThink
0    65019 MakeDeadSaber
0    6517e saberBackToOwner
0    654da thrownSaberTouch
0    655af saberFirstThrown
0    6594f WP_SaberPositionUpdate
0    666d3 WP_MissileBlockForBlock
0    66701 WP_SaberBlockNonRandom
0    6680d WP_SaberBlock
0    669ab WP_SaberCanBlock
0    66c5a HasSetSaberOnly
0    66ca1 trap_G2API_GetBoltMatrix_NoRecNoRot_DoesNotExistIn_1_02
0    66cb7 trap_G2API_CollisionDetect_DoesNotExistIn_1_02
0    66cbf MV_SetGameVersion
0    66d37 MV_PlayerStateToEngine
0    66e70 MV_PlayerStateFromEngine
0    66fa9 MV_VersionMagic
0    672ee MV_BuildAnimationMappingTable
0    672f1 MV_SetGamePlay
0    673ff BF_decode
0    6753e BF_encode
0    67622 BF_swap
0    67675 BF_set_key
0    6776d BF_crypt
0    6a315 _crypt_output_magic
0    6a34a _crypt_blowfish_rn
0    6a46d _crypt_gensalt_blowfish_rn
0    6a522 fp32_from_bits
0    6a52c fp32_to_bits
0    6a536 count_leading_zeros_32
0    6a585 fp16_ieee_to_fp32_bits
0    6a5e3 fp16_ieee_to_fp32_value
0    6a680 fp16_ieee_from_fp32_value
0    6a730 levenshtein_n
0    6a848 levenshtein
0    6a874 swapfunc
0    6a8fb med3
0    6a97e qsort
0    6ad37 strlen
0    6ad52 strcat
0    6ad95 strcpy
0    6adca strcmp
0    6ae03 strchr
0    6ae22 strstr
0    6ae68 tolower
0    6ae80 toupper
0    6ae98 memmove
0    6aedf tan
0    6aef6 srand
0    6aefd rand
0    6af12 atof
0    6afd7 _atof
0    6b09c atoi
0    6b114 _atoi
0    6b196 abs
0    6b1ab fabs
0    6b1c0 frexpf
0    6b1ee powf
0    6b205 AddInt
0    6b2f0 AddUInt
0    6b3b4 AddFloat
0    6b586 AddString
0    6b645 vsnprintf
0    6b824 sscanf_stringparse
0    6b874 sscanf
0    6b8ee roundf
0    6b908 fpclassify
0    6b955 fabsf
0    6b96a copysignf
0    6b99c sqrtf
0    6b9c7 logf
0    6ba43 expf
0    6bab4 memcmp
0   fddc64 _stackStart
0   fedc64 _stackEnd
1        4 g_entitiesHashTableCount
1        8 g_logicalents
1        c gDuelExit
1       10 gDuelist1
1       14 gDuelist2
1       18 gRandomUnlockAdd
1       1c gameCvarTable
1     1960 gameCvarTableSize
1     1964 mvapi
1     1968 mvStructConversionDisabled
1     196c coolApi
1     1970 coolApi_dbVersion
1     1974 coolApi_jkaVersion
1     1978 coolApi_userCmdVersion
1     197c coolApi_supported_game_userCmdStoreVersion_int
1     1980 coolApi_supported_game_int
1     1984 coolApi_supported_game_vmflags_int
1     19d4 gQueueScoreMessage
1     19d8 gQueueScoreMessageTime
1     19dc gDidDuelStuff
1     19e4 g_LastFrameTime
1     19e8 g_TimeSinceLastFrame
1     19ec gDoSlowMoDuel
1     19f0 gSlowMoDuelTime
1     19f4 myRandSeed
1     19f8 ctfStateNames
1     1a14 ctfStateDescriptions
1     1a2c sagaStateDescriptions
1     1a38 teamplayStateDescriptions
1     1b00 gWPRenderTime
1     1b04 gDeactivated
1     1b08 gBotEdit
1     1b0c gWPRenderedFrame
1     1b10 gWPNum
1     1b14 gLastPrintedIndex
1     1b18 gLevelFlags
1     1b1c botGlobalNavWeaponWeights
1     1b5c forceMasteryLevels
1     1b7c forceMasteryPoints
1     1b9c bgForcePowerCost
1     1cbc forcePowerSorted
1     1d04 forcePowerDarkLight
1     1d4c WeaponReadyAnim
1     1d8c WeaponAttackAnim
1     1dcc bg_itemlist
1     2688 bg_numItems
1     26e0 eventnames
1     2898 bg_poolSize
1     289c bg_poolTail
1     28c0 animTable
1     4e98 animTable_1_02
1     7564 BGPAFtextLoaded
1     7568 animOverrideNums
1     7598 animOverrideCount
1     761c gPMDoSlowFall
1     7620 pm_stopspeed
1     7624 pm_duckScale
1     7628 pm_swimScale
1     762c pm_wadeScale
1     7630 pm_accelerate
1     7634 pm_airaccelerate
1     7638 pm_wateraccelerate
1     763c pm_flyaccelerate
1     7640 pm_friction
1     7644 pm_waterfriction
1     7648 pm_flightfriction
1     764c pm_spectatorfriction
1     7650 pm_vq3_duckScale
1     7654 pm_vq3_friction
1     7658 pm_cpm_accelerate
1     765c pm_cpm_airaccelerate
1     7660 pm_cpm_airstopaccelerate
1     7664 pm_cpm_airstrafeaccelerate
1     7668 pm_cpm_airstrafewishspeed
1     766c pm_sp_accelerate
1     7670 pm_sp_airaccelerate
1     7674 pm_sp_frictionModifier
1     7678 pm_sp_airDecelRate
1     767c c_pmove
1     7680 forceSpeedLevels
1     7690 forcePowerNeeded_1_04
1     77b0 forcePowerNeeded_1_02
1     78d0 forcePowerNeeded
1     78d4 forceJumpHeight
1     78e4 forceJumpHeightMax
1     78f4 forceJumpStrength
1     7a04 pmcss_stopspeed
1     7a08 pmcss_maxspeed
1     7a0c pmcss_duckspeed
1     7a10 pmcss_accelerate
1     7a14 pmcss_airaccelerate
1     7a18 pmcss_wateraccelerate
1     7a1c pmcss_friction
1     7a20 pmcss_waterfriction
1     7a24 pmcss_waterspeed
1     7a34 pmq2_stopspeed
1     7a38 pmq2_maxspeed
1     7a3c pmq2_duckspeed
1     7a40 pmq2_accelerate
1     7a44 pmq2_airaccelerate
1     7a48 pmq2_wateraccelerate
1     7a4c pmq2_friction
1     7a50 pmq2_waterfriction
1     7a54 pmq2_waterspeed
1     7a84 saberMoveData
1     8d44 transitionMove
1     8fc8 saberMoveTransitionAngle
1     915c flatNormal
1     9168 WP_MuzzlePoint
1     9228 weaponData_1_02
1     95a8 weaponData_1_03
1     9928 weaponData_1_04
1     9ca8 weaponData
1     9cac ammoData
1     9cd4 nullUserCmd
1     9da4 g_botInfosHashTable
1     ada4 g_arenaInfosHashTable
1     bda4 g_blacklistedMapsHashTable
1     cda4 playerMins
1     cdb0 playerMaxs
1     cdbc gJMSaberEnt
1     cdc0 knownClanTags
1     d0a0 clanTagCount
1     d0a4 clanTagHashTable
1     d4a8 g2SaberInstance
1     d4cc helpTips
1     d954 helpTipCount
1     d974 gc_orders
1     d990 gameNames
1     d9cc modNames
1     dc7c hitLocName
1     dd38 gGAvoidDismember
1     ddb8 semiBreakingChangeVersionDefrag
1     ddbc subContestParams
1     ddc0 nameTagTypeNames
1     ddcc q3DefragTargetNames
1     e0ec q2TraceModificationCount
1     e0f0 q2SkimsModificationCount
1     e0f4 topNumberStrings
1     e1a4 defaultRunFlags
1     e1a8 allowedRollRunFlags
1     e1ac allowedRunFlags
1     e1b0 allowedMapDefaultRunFlags
1     e1b4 allowedMovementStyles
1     e1b8 runFlagsNames
1     e1e8 leaderboardNames
1     e1fc runFlagsShortNames
1     e22c runFlagsVeryShortNames
1     e25c modeNames
1     e274 moveStyleNames
1     e2a8 MAX_RUN_FLAGS
1     e2b8 shieldLoopSound
1     e2bc shieldAttachSound
1     e2c0 shieldActivateSound
1     e2c4 shieldDeactivateSound
1     e2c8 shieldDamageSound
1     e2cc shieldItem
1     e308 weaponFromMOD
1     e3a0 weaponNameFromIndex
1     e3e0 gAnimEntTypes
1     e3e4 animEntRoot
1     e3e8 gEscaping
1     e3ec gEscapeTime
1     e420 fields
1     e610 spawns
1     ea04 defaultStyles
1     eb84 precachedKyle
1     ebc0 remapCount
1     ebf4 gG2KillNum
1    10c98 vec3_origin
1    10ca4 axisDefault
1    10cc8 colorBlack
1    10cd8 colorRed
1    10ce8 colorGreen
1    10cf8 colorBlue
1    10d08 colorYellow
1    10d18 colorMagenta
1    10d28 colorCyan
1    10d38 colorWhite
1    10d48 colorLtGrey
1    10d58 colorMdGrey
1    10d68 colorDkGrey
1    10d78 colorLtBlue
1    10d88 colorDkBlue
1    10d98 g_color_table
1    10e18 g_color_table_nt
1    11618 bytedirs
1    11dd0 holdrand
1    11de0 speedLoopSound
1    11de4 rageLoopSound
1    11de8 protectLoopSound
1    11dec absorbLoopSound
1    11df0 seeLoopSound
1    11df4 ysalamiriLoopSound
1    11df8 forcePowerMinRank
1    1211c saberSpinSound
1    12120 saberOffSound
1    12124 saberOnSound
1    12128 saberHumSound
1    12234 jk2version
1    12238 jk2gameplay
1    1223c jk2startversion
1    12240 animMappingTable_1_04_to_1_02
1    1352c animMappingTable_1_02_to_1_04
1    14634 bcrypt_errno
1    14638 BF_magic_w
1    14650 BF_init_state
1    156a4 randSeed
2    1b56a clientColors
2    1b58c broadcastPrint
2    2b9a1 ctfFlagStatusRemap
2    2eac2 BF_itoa64
2    2eb03 BF_atoi64
2    2eb63 flags_by_subtype
3     4000 Init_restart
3     4004 Init_randomSeed
3     4008 Init_levelTime
3     400c coolApi_supported_game
3     411c coolApi_supported_game_userCmdStoreVersion
3     422c g_MVSDK
3     433c g_gamedate
3     444c g_gamename
3     455c g_listEntity
3     466c g_ttFlagsGp
3     477c g_podiumDrop
3     488c g_podiumDist
3     499c g_statLogFile
3     4aac g_statLog
3     4bbc g_logSync
3     4ccc g_log
3     4ddc g_MaxHolocronCarry
3     4eec g_crossServerDefragTimes
3     4ffc g_crossServerChat
3     510c g_mineSwitchFix
3     521c g_unlockRandom
3     532c g_randomTipInterval
3     543c g_blockIdenticalUserSnapsMinFps
3     554c g_blockIdenticalUserSnaps
3     565c g_userCmdBufferSmoothen
3     576c g_userCmdBuffer
3     587c g_botTeamAutoBalance
3     598c g_submodelWorkaround
3     5a9c g_mv_forcePowerDisableMode
3     5bac g_connectinglimit
3     5cbc g_connectionlimit
3     5dcc g_mv_fixturretcrash
3     5edc g_mv_blockspeedhack
3     5fec g_mv_blockchargejump
3     60fc g_mv_fixbrokenmodels
3     620c g_mv_fixgalaking
3     631c g_debugMelee
3     642c g_austrian
3     653c g_saberDebugPrint
3     664c g_saberDmgDelay_Wound
3     675c g_saberDmgDelay_Idle
3     686c g_saberDmgVelocityScale
3     697c g_allowNameDupes
3     6a8c g_fpsToggleDelay
3     6b9c g_sv_fps
3     6cac g_timeouttospec
3     6dbc g_forceDodge
3     6ecc g_dismember
3     6fdc g_singlePlayer
3     70ec g_enableBreath
3     71fc g_enableDust
3     730c g_rankings
3     741c g_entHUDFields
3     752c g_fixHighFPSAbuse
3     763c g_ttFlags
3     774c g_pmove_float
3     785c g_pmove_msec
3     796c g_pmove_fixed
3     7a7c g_smoothClients
3     7b8c g_blueteam
3     7c9c g_redteam
3     7dac g_debugUp
3     7ebc g_debugRight
3     7fcc g_debugForward
3     80dc g_filterBan
3     81ec g_banIPs
3     82fc g_teamForceBalance
3     840c g_teamAutoJoin
3     851c g_slowVoteAFKThreshold
3     862c g_slowVote
3     873c g_allowVote
3     884c g_blood
3     895c g_doWarmup
3     8a6c g_warmup
3     8b7c g_motd
3     8c8c g_synchronousClients
3     8d9c g_autoScoresInterval
3     8eac g_strafebotSlopeHandling
3     8fbc g_q2Skims
3     90cc g_q2trace
3     91dc g_mapDefaultRunFlags
3     92ec g_mapDefaultJump
3     93fc g_mapDefaultMsec
3     950c g_adaptRespawn
3     961c g_weaponTeamRespawn
3     972c g_weaponRespawn
3     983c g_debugDamage
3     994c g_debugAlloc
3     9a5c g_debugMove
3     9b6c g_developer
3     9c7c g_inactivityToSpecRacers
3     9d8c g_inactivityToSpec
3     9e9c g_inactivity
3     9fac g_afkCmdMinSecs
3     a0bc g_startWeaponAlwaysSaber
3     a1cc g_forcerespawn
3     a2dc g_quadfactor
3     a3ec g_knockback
3     a4fc g_speed
3     a60c g_gravity
3     a71c g_needpass
3     a82c g_password
3     a93c g_friendlySaber
3     aa4c g_friendlyFire
3     ab5c g_saberInterpolate
3     ac6c g_capturelimit
3     ad7c g_timelimit
3     ae8c g_duel_fraglimit
3     af9c g_fraglimit
3     b0ac g_duelWeaponDisable
3     b1bc g_fraglimitVoteCorrection
3     b2cc g_allowDuelSuicide
3     b3dc g_weaponDisable
3     b4ec g_forcePowerDisable
3     b5fc g_spawnInvulnerability
3     b70c g_forceRegenTime
3     b81c g_alwaysAllowTeamChat
3     b92c g_useWhileThrowing
3     ba3c g_saberDamageScale
3     bb4c g_slowmoDuelEnd
3     bc5c g_logClientInfo
3     bd6c g_saberBoxTraceSize
3     be7c g_saberAlwaysBoxTrace
3     bf8c g_saberGhoul2Collision
3     c09c g_arenaAutoGen
3     c1ac g_defragArenaAutoGen
3     c2bc g_defragForceRegenFps
3     c3cc g_bubbleSpawn
3     c4dc g_triggersRobust
3     c5ec g_defragSimpleResetSpawn
3     c6fc g_defragKillSafetyMinSecs
3     c80c g_defragAutoDemo
3     c91c g_defragLastDemoId
3     ca2c g_defragLastRunId
3     cb3c g_defrag
3     cc4c g_modesDefault
3     cd5c g_modes
3     ce6c g_saberTraceSaberFirst
3     cf7c g_saberLockFactor
3     d08c g_saberLocking
3     d19c g_privateDuel
3     d2ac g_forceBasedTeams
3     d3bc g_maxForceRank
3     d4cc g_dmflags
3     d5dc g_autoMapCycle
3     d6ec g_trueJedi
3     d7fc g_restarted
3     d90c g_maxGameClients
3     da1c g_maxclients
3     db2c g_cheats
3     dc3c g_dedicated
3     dd4c g_gametype
3     de5c g_dfv
3     df6c g_entitiesHashTable
3     ef6c g_entities
3   93ef6c level
3   946ee4 mv_clientSessions
3   947164 mv_entities
3   968164 g_clients
3   b07ae4 g_ff_objectives
3   b07bfc droppedBlueFlag
3   b07c00 droppedRedFlag
3   b07c04 gBotEventTracker
3   b07e04 regularupdate_time
3   b07e08 numbots
3   b07e0c botstates
3   b07e8c floattime
3   b07e90 eFlagBlue
3   b07e94 eFlagRed
3   b07e98 oFlagBlue
3   b07e9c flagBlue
3   b07ea0 oFlagRed
3   b07ea4 flagRed
3   b07ea8 bot_wp_visconnect
3   b07fb8 bot_wp_distconnect
3   b080c8 bot_wp_clearweight
3   b081d8 bot_wp_edit
3   b082e8 bot_wp_info
3   b083f8 bot_camp
3   b08508 bot_attachments
3   b08618 bot_honorableduelacceptance
3   b08728 bot_forgimmick
3   b08838 bot_forcepowers
3   b08948 gBotChatBuffer
3   b48948 nodenum
3   b4894c nodetable
3   b6894c gWPArray
3   b6c94c bg_pool
3   d6094c BGPAFtext
3   d6a58c bgGlobalAnimations
3   d72a00 pml
3   d72ea8 pm
3   d72eac pmlcss
3   d72f2c pmcss
3   d72f30 pmlq2
3   d733f8 pmq2
3   d757fc cmd_cmd
3   d777fc cmd_tokenized
3   d79bfc cmd_argv
3   d7abfc cmd_argc
3   d7ac00 userCmdBuffer
3   e5ad80 podium3
3   e5ad84 podium2
3   e5ad88 podium1
3   e7ed90 bot_minplayers
3   e7eea0 botSpawnQueue
3   e7ef20 g_blacklistedMaps
3   e8af20 g_numBlacklistedMaps
3   e8af24 g_botInfosHashed
3   e8df24 g_numBots
3   e8df28 g_arenaInfosHashed
3   e99f28 g_numArenas
3   ea4778 Client_Force
3   f30fd8 dfOldDelta
3   f30fe4 backupValues
3   f37fe4 saved
3   f61e28 fpsTableIndexToMsec
3   f61f28 fpsTableMsecToIndex
3   f62ed0 defaultRaceStyle
3   f62edc itemRegistered
3   f632dc G_WeaponLogItems
3   f63adc G_WeaponLogPowerups
3   f63e5c G_WeaponLogClientTouch
3   f63edc G_WeaponLogLastTime
3   f63f5c G_WeaponLogTime
3   f6475c G_WeaponLogFrags
3   f6575c G_WeaponLogDeaths
3   f65f5c G_WeaponLogKills
3   f6725c G_WeaponLogDamage
3   f6855c G_WeaponLogFired
3   f68d5c G_WeaponLogPickups
3   f6955c allocPoint
3   f69560 memoryPool
3   fa9560 gJanSound_Alert
3   fa9574 gJanSound_Death
3   fa9580 gJanSound_Pain
3   fa9590 gRodianSound_Alert
3   fa95a4 gRodianSound_Death
3   fa95b0 gRodianSound_Pain
3   fa95c0 gTrooperSound_Alert
3   fa95d4 gTrooperSound_Death
3   fa95e0 gTrooperSound_Pain
3   fa95f0 gExplSound
3   fa95f4 pushed_p
3   fa95f8 pushed
3   fb15f8 imperial_attackers
3   fb15fc rebel_attackers
3   fb1600 rebel_goals_completed
3   fb1604 rebel_goals_required
3   fb1608 imperial_goals_completed
3   fb160c imperial_goals_required
3   fb1610 saga_round_over
3   fb1614 saga_valid
3   fb1618 saga_info
3   fb3618 numIPFilters
3   fb361c ipFilters
3   fb561c teamgame
3   fb5638 gTrigFallSound
3   fb6bdc gG2KillIndex
3   fb6cdc remappedShaders
3   fbaedc ent_list
3   fbbedc muzzle
3   fbbee8 up
3   fbbef4 right
3   fbbf00 forward
3   fbbf0c s_quadFactor
3   fd1928 com_lines
3   fd192c com_parsename
3   fd1d2c com_token
3   fd212c trap_G2API_SetBoneAnim
3   fd2130 trap_G2API_GetGLAName
3   fd2134 trap_G2API_SetBoneAngles
3   fd2138 trap_G2API_CollisionDetect
3   fd213c trap_G2API_CleanGhoul2Models
3   fd2140 trap_G2API_RemoveGhoul2Model
3   fd2144 trap_G2API_HasGhoul2ModelOnIndex
3   fd2148 trap_G2API_DuplicateGhoul2Instance
3   fd214c trap_G2API_CopySpecificGhoul2Model
3   fd2150 trap_G2API_CopyGhoul2Instance
3   fd2154 trap_G2API_SetBoltInfo
3   fd2158 trap_G2API_AddBolt
3   fd215c trap_G2API_InitGhoul2Model
3   fd2160 trap_G2API_GetBoltMatrix_NoRecNoRot
3   fd2164 g_ps
